edi
===

2013-09-17 argure
-----------------

root@snowden:~# aptitude update
Current status: 1 update [+1], 4497 new [+4497].

root@snowden:~# aptitude full-upgrade
The following packages will be upgraded: 
  tzdata 

root@snowden:~# aptitude -t testing install apache2
The following NEW packages will be installed:
  apache2 apache2-bin{a} apache2-data{a} libapr1{a} libaprutil1{a} 
  libaprutil1-dbd-sqlite3{a} libaprutil1-ldap{a} liblua5.1-0{a} ssl-cert{a} 
The following packages will be upgraded:
  libc6 locales 

root@snowden:~# aptitude -t testing install libc6-dev
The following NEW packages will be installed:
  binutils{a} cpp{a} cpp-4.7{a} gcc{a} gcc-4.7{a} gcc-4.8-base{a} 
  libc-dev-bin{a} libc6-dev libcloog-ppl1{a} libgcc-4.7-dev{a} libgmp10{a} 
  libgmpxx4ldbl{a} libgomp1{a} libitm1{a} libmpc3{a} libmpfr4{a} 
  libppl-c4{a} libppl12{a} libquadmath0{a} linux-libc-dev{a} 
  manpages-dev{a} 
The following packages will be upgraded:
  gcc-4.7-base libgcc1 libstdc++6 

root@snowden:~# aptitude -t testing install g++-4.7
The following NEW packages will be installed:
  g++-4.7 libstdc++6-4.7-dev{a} 

root@snowden:~# aptitude install dpkg-dev
The following NEW packages will be installed:
  build-essential{a} dpkg-dev fakeroot{a} g++{a} libalgorithm-diff-perl{a} 
  libalgorithm-diff-xs-perl{a} libalgorithm-merge-perl{a} libdpkg-perl{a} 
  libfile-fcntllock-perl{a} libtimedate-perl{a} make{a} 

root@snowden:/usr/local/src/apache2-2.4.6# aptitude -t testing install \
> libapr1-dev libaprutil1-dev liblua5.1-0-dev libncurses5 libncursesw5
The following NEW packages will be installed:
  autotools-dev{a} comerr-dev{a} krb5-multidev{a} libapr1-dev 
  libaprutil1-dev libexpat1-dev{a} libffi6{a} libglib2.0-0{a} 
  libglib2.0-data{a} libgssrpc4{a} libkadm5clnt-mit8{a} libkadm5srv-mit8{a} 
  libkdb5-7{a} libldap2-dev{a} libltdl-dev{a} libltdl7{a} liblua5.1-0-dev 
  libmysqlclient-dev{a} libmysqlclient18{a} libpcre3-dev{a} libpcrecpp0{a} 
  libpq-dev{a} libpq5{a} libreadline-dev{a} libreadline6-dev{a} 
  libsqlite3-dev{a} libssl-dev{a} libssl-doc{a} libtinfo-dev{a} libtool{a} 
  mysql-common{a} pkg-config{a} shared-mime-info{a} uuid-dev{a} 
  zlib1g-dev{a} 
The following packages will be upgraded:
  libcomerr2 libexpat1 libgcrypt11 libgssapi-krb5-2 libk5crypto3 libkrb5-3 
  libkrb5support0 libldap-2.4-2 libncurses5 libncursesw5 libpcre3 
  libsqlite3-0 libssl1.0.0 libtinfo5 libuuid1 zlib1g 
The following packages are RECOMMENDED but will NOT be installed:
  uuid-runtime 

root@snowden:/usr/local/src/apache2-2.4.6# aptitude install debhelper \
> libcap-dev libxml2-dev
The following NEW packages will be installed:
  autopoint{a} debhelper gettext{a} git{a} git-man{a} html2text{a} 
  intltool-debian{a} libcap-dev libcroco3{a} libcurl3-gnutls{a} 
  liberror-perl{a} libgettextpo0{a} libmail-sendmail-perl{a} librtmp0{a} 
  libssh2-1{a} libsys-hostname-long-perl{a} libunistring0{a} libxml2-dev 
  po-debconf{a} rsync{a}

root@snowden:/usr/local/src# dpkg -i apache2_2.4.6-3_amd64.deb

root@snowden:/usr/local/src# dpkg -i apache2-bin_2.4.6-3_amd64.deb

root@snowden:/usr/local/src# dpkg -i apache2-data_2.4.6-3_all.deb

root@snowden:~# a2enmod ssl
Considering dependency setenvif for ssl:
Module setenvif already enabled
Considering dependency mime for ssl:
Module mime already enabled
Considering dependency socache_shmcb for ssl:
Enabling module socache_shmcb.
Enabling module ssl.

root@snowden:~# a2enmod headers
Enabling module headers.

root@snowden:~# a2enconf etag.conf
Enabling conf etag.

root@snowden:~# a2enconf ssl-custom.conf
Enabling conf ssl-custom.

root@snowden:~# a2dissite 000-default
Site 000-default disabled.

root@snowden:~# a2ensite nulpunt.argure.nl
Enabling site nulpunt.argure.nl.

root@snowden:~# aptitude install zsh
The following NEW packages will be installed:
  zsh 

root@snowden:~# chsh -s /bin/zsh

snowden# export PS1="%n@%m:%~# " 

2013-09-20 21:50 geertjohan
-----------------

root@edi:~# a2enmod proxy
Enabling module proxy.
To activate the new configuration, you need to run:
  service apache2 restart

root@edi:~# service apache2 restart
Restarting web server: apache2.

2013-09-20 22:08 geertjohan
-----------------

root@edi:~# wget -q -O - http://pkg.jenkins-ci.org/debian/jenkins-ci.org.key | apt-key add - 
OK

root@edi:~# nano /etc/apt/sources.list
root@edi:~# apt-get update
Get:1 http://security.debian.org wheezy/updates Release.gpg [836 B]
Hit http://ftp.nl.debian.org wheezy Release.gpg                                                               
Get:2 http://security.debian.org jessie/updates Release.gpg [836 B]                                
Get:3 http://ftp.nl.debian.org wheezy-updates Release.gpg [1,571 B]                                            
Get:4 http://security.debian.org wheezy/updates Release [102 kB]                                                   
Get:5 http://ftp.nl.debian.org jessie Release.gpg [1,571 B]                                               
Hit http://ftp.nl.debian.org wheezy Release                                                                                
Get:6 http://ftp.nl.debian.org wheezy-updates Release [124 kB]                        
Get:7 http://security.debian.org jessie/updates Release [77.8 kB]                                                                          
Get:8 http://ftp.nl.debian.org jessie Release [170 kB]                                                                            
Hit http://ftp.nl.debian.org wheezy/main Sources                                                                                           
Hit http://ftp.nl.debian.org wheezy/non-free Sources                                           
Get:9 http://security.debian.org wheezy/updates/main Sources [56.0 kB]                        
Hit http://ftp.nl.debian.org wheezy/contrib Sources                                                   
Hit http://ftp.nl.debian.org wheezy/main amd64 Packages
Hit http://ftp.nl.debian.org wheezy/non-free amd64 Packages                                 
Get:10 http://security.debian.org wheezy/updates/contrib Sources [14 B]                     
Get:11 http://security.debian.org wheezy/updates/non-free Sources [14 B]                     
Hit http://ftp.nl.debian.org wheezy/contrib amd64 Packages                                   
Get:12 http://pkg.jenkins-ci.org binary/ Release.gpg [198 B]          
Get:13 http://security.debian.org wheezy/updates/main amd64 Packages [103 kB]     
Hit http://ftp.nl.debian.org wheezy/contrib Translation-en                                                   
Hit http://ftp.nl.debian.org wheezy/main Translation-en                                                                     
Hit http://ftp.nl.debian.org wheezy/non-free Translation-en                                                                 
Get:14 http://security.debian.org wheezy/updates/contrib amd64 Packages [14 B]                                              
Get:15 http://ftp.nl.debian.org wheezy-updates/main Sources [1,995 B]                                                       
Get:16 http://security.debian.org wheezy/updates/non-free amd64 Packages [14 B]                                             
Get:17 http://ftp.nl.debian.org wheezy-updates/contrib Sources [14 B]                                                       
Get:18 http://security.debian.org wheezy/updates/contrib Translation-en [14 B]                                              
Get:19 http://security.debian.org wheezy/updates/main Translation-en [60.4 kB]                                                    
Get:20 http://security.debian.org wheezy/updates/non-free Translation-en [14 B]                                                   
Get:21 http://security.debian.org jessie/updates/main Sources [14 B]                                                              
Get:22 http://ftp.nl.debian.org wheezy-updates/non-free Sources [14 B]                                                            
Get:23 http://security.debian.org jessie/updates/main amd64 Packages [14 B]                                                       
Hit http://ftp.nl.debian.org wheezy-updates/main amd64 Packages/DiffIndex                     
Get:24 http://ftp.nl.debian.org wheezy-updates/contrib amd64 Packages [14 B]
Get:25 http://security.debian.org jessie/updates/main Translation-en [14 B]
Get:26 http://ftp.nl.debian.org wheezy-updates/non-free amd64 Packages [14 B] 
Get:27 http://ftp.nl.debian.org wheezy-updates/contrib Translation-en [14 B]
Hit http://ftp.nl.debian.org wheezy-updates/main Translation-en/DiffIndex     
Get:28 http://ftp.nl.debian.org wheezy-updates/non-free Translation-en [14 B]
Get:29 http://ftp.nl.debian.org jessie/main Sources/DiffIndex [7,876 B]       
Get:30 http://ftp.nl.debian.org jessie/main amd64 Packages/DiffIndex [7,876 B]
Get:31 http://ftp.nl.debian.org jessie/main Translation-en/DiffIndex [7,876 B]
Get:32 http://pkg.jenkins-ci.org binary/ Release [2,046 B]
Get:33 http://ftp.nl.debian.org jessie/main 2013-09-18-0235.49.pdiff [26.0 kB]
Get:34 http://ftp.nl.debian.org jessie/main amd64 2013-09-18-0235.49.pdiff [25.6 kB]    
Get:35 http://ftp.nl.debian.org jessie/main 2013-09-18-0235.49.pdiff [26.0 kB]
Get:36 http://ftp.nl.debian.org jessie/main 2013-09-18-0235.49.pdiff [11.8 kB]                      
Get:37 http://pkg.jenkins-ci.org binary/ Packages [582 B]                                                            
Get:38 http://ftp.nl.debian.org jessie/main amd64 2013-09-18-0235.49.pdiff [25.6 kB]
Get:39 http://ftp.nl.debian.org jessie/main 2013-09-19-0234.56.pdiff [34.5 kB]
Get:40 http://ftp.nl.debian.org jessie/main 2013-09-18-0235.49.pdiff [11.8 kB]                                
Get:41 http://ftp.nl.debian.org jessie/main amd64 2013-09-19-0234.56.pdiff [24.3 kB]
Get:42 http://ftp.nl.debian.org jessie/main 2013-09-19-0234.56.pdiff [34.5 kB]                                        
Get:43 http://ftp.nl.debian.org jessie/main 2013-09-19-0234.56.pdiff [5,033 B]
Ign http://pkg.jenkins-ci.org binary/ Translation-en_US                                                               
Ign http://pkg.jenkins-ci.org binary/ Translation-en                          
Get:44 http://ftp.nl.debian.org jessie/main amd64 2013-09-19-0234.56.pdiff [24.3 kB]
Get:45 http://ftp.nl.debian.org jessie/main 2013-09-20-0235.18.pdiff [30.3 kB]
Get:46 http://ftp.nl.debian.org jessie/main 2013-09-19-0234.56.pdiff [5,033 B]
Get:47 http://ftp.nl.debian.org jessie/main amd64 2013-09-20-0235.18.pdiff [46.3 kB]
Get:48 http://ftp.nl.debian.org jessie/main 2013-09-20-0235.18.pdiff [30.3 kB]
Get:49 http://ftp.nl.debian.org jessie/main 2013-09-20-0235.18.pdiff [6,507 B]
Get:50 http://ftp.nl.debian.org jessie/main amd64 2013-09-20-0235.18.pdiff [46.3 kB]
Get:51 http://ftp.nl.debian.org jessie/main 2013-09-20-1435.08.pdiff [6,668 B]
Get:52 http://ftp.nl.debian.org jessie/main 2013-09-20-0235.18.pdiff [6,507 B]
Get:53 http://ftp.nl.debian.org jessie/main amd64 2013-09-20-1435.08.pdiff [26.3 kB]
Get:54 http://ftp.nl.debian.org jessie/main 2013-09-20-1435.08.pdiff [6,668 B]
Get:55 http://ftp.nl.debian.org jessie/main 2013-09-20-1435.08.pdiff [1,876 B]
Get:56 http://ftp.nl.debian.org jessie/main amd64 2013-09-20-1435.08.pdiff [26.3 kB]
Get:57 http://ftp.nl.debian.org jessie/main 2013-09-20-1435.08.pdiff [1,876 B]
Fetched 972 kB in 11s (83.4 kB/s)                                  
Reading package lists... Done

root@edi:~# apt-get install jenkins
Reading package lists... Done
Building dependency tree       
Reading state information... Done
The following extra packages will be installed:
  daemon gcj-4.7-base gcj-4.7-jre-headless libasound2 libgcj-common libgcj13 libpcsclite1
Suggested packages:
  fastjar gcj-4.7-jdk libgcj13-awt libasound2-plugins libgcj13-dbg pcscd
Recommended packages:
  gcj-4.7-jre-lib
The following NEW packages will be installed:
  daemon gcj-4.7-base gcj-4.7-jre-headless jenkins libasound2 libgcj-common libgcj13 libpcsclite1
0 upgraded, 8 newly installed, 0 to remove and 7 not upgraded.
Need to get 72.0 MB of archives.
After this operation, 121 MB of additional disk space will be used.
Do you want to continue [Y/n]? y
Get:1 http://ftp.nl.debian.org/debian/ wheezy/main libasound2 amd64 1.0.25-4 [461 kB]
Get:2 http://ftp.nl.debian.org/debian/ wheezy/main gcj-4.7-base amd64 4.7.2-3 [136 kB]
Get:3 http://ftp.nl.debian.org/debian/ wheezy/main libgcj-common all 1:4.6.3-8 [139 kB]
Get:4 http://ftp.nl.debian.org/debian/ wheezy/main libgcj13 amd64 4.7.2-3 [13.6 MB]
Get:5 http://pkg.jenkins-ci.org/debian/ binary/ jenkins 1.531 [57.4 MB]
Get:6 http://ftp.nl.debian.org/debian/ wheezy/main libpcsclite1 amd64 1.8.4-1+deb7u1 [57.0 kB]
Get:7 http://ftp.nl.debian.org/debian/ wheezy/main daemon amd64 0.6.4-1 [97.4 kB]
Get:8 http://ftp.nl.debian.org/debian/ wheezy/main gcj-4.7-jre-headless amd64 4.7.2-3 [53.1 kB]
Fetched 72.0 MB in 6s (10.8 MB/s)
Selecting previously unselected package libasound2:amd64.
(Reading database ... 35141 files and directories currently installed.)
Unpacking libasound2:amd64 (from .../libasound2_1.0.25-4_amd64.deb) ...
Selecting previously unselected package gcj-4.7-base.
Unpacking gcj-4.7-base (from .../gcj-4.7-base_4.7.2-3_amd64.deb) ...
Selecting previously unselected package libgcj-common.
Unpacking libgcj-common (from .../libgcj-common_1%3a4.6.3-8_all.deb) ...
Selecting previously unselected package libgcj13.
Unpacking libgcj13 (from .../libgcj13_4.7.2-3_amd64.deb) ...
Selecting previously unselected package libpcsclite1:amd64.
Unpacking libpcsclite1:amd64 (from .../libpcsclite1_1.8.4-1+deb7u1_amd64.deb) ...
Selecting previously unselected package daemon.
Unpacking daemon (from .../daemon_0.6.4-1_amd64.deb) ...
Selecting previously unselected package gcj-4.7-jre-headless.
Unpacking gcj-4.7-jre-headless (from .../gcj-4.7-jre-headless_4.7.2-3_amd64.deb) ...
Selecting previously unselected package jenkins.
Unpacking jenkins (from .../archives/jenkins_1.531_all.deb) ...
Processing triggers for man-db ...
Setting up libasound2:amd64 (1.0.25-4) ...
Setting up gcj-4.7-base (4.7.2-3) ...
Setting up libgcj-common (1:4.6.3-8) ...
Setting up libgcj13 (4.7.2-3) ...
Selecting previously unselected package libpcsclite1:amd64.
Unpacking libpcsclite1:amd64 (from .../libpcsclite1_1.8.4-1+deb7u1_amd64.deb) ...
Selecting previously unselected package daemon.
Unpacking daemon (from .../daemon_0.6.4-1_amd64.deb) ...
Selecting previously unselected package gcj-4.7-jre-headless.
Unpacking gcj-4.7-jre-headless (from .../gcj-4.7-jre-headless_4.7.2-3_amd64.deb) ...
Selecting previously unselected package jenkins.
Unpacking jenkins (from .../archives/jenkins_1.531_all.deb) ...
Processing triggers for man-db ...
Setting up libasound2:amd64 (1.0.25-4) ...
Setting up gcj-4.7-base (4.7.2-3) ...
Setting up libgcj-common (1:4.6.3-8) ...
Setting up libgcj13 (4.7.2-3) ...
Setting up libpcsclite1:amd64 (1.8.4-1+deb7u1) ...
Setting up daemon (0.6.4-1) ...
Setting up gcj-4.7-jre-headless (4.7.2-3) ...
Setting up jenkins (1.531) ...
Adding system user `jenkins' (UID 104) ...
Adding new user `jenkins' (UID 104) with group `nogroup' ...
Not creating home directory `/var/lib/jenkins'.
Starting Jenkins Continuous Integration Server: jenkins.

2013-09-20 22:08 geertjohan
-----------------

# edited and uploaded /etc/default/jenkins
# edited and uploaded /etc/apache2/sites-available/jenkins.nulpunt.nu

root@edi:~# service jenkins restart
Restarting Jenkins Continuous Integration Server: jenkins.

root@edi:~# service apache2 restart
Restarting web server: apache2.

root@edi:/etc/apache2/sites-available# a2ensite jenkins.nulpunt.nu

root@edi:/etc/apache2/sites-available# service apache2 reload      
Reloading web server: apache2.

# edited and uploaded /etc/apache2/sites-available/jenkins.nulpunt.nu

root@edi:/etc/apache2/sites-available# service apache2 reload      
Reloading web server: apache2.

root@edi:~# a2enmod proxy_ajp
Considering dependency proxy for proxy_ajp:
Module proxy already enabled
Enabling module proxy_ajp.
To activate the new configuration, you need to run:
  service apache2 restart
root@edi:~# service apache2 restart
Restarting web server: apache2.
