edi
===

2013-09-17 argure
-----------------

root@snowden:~# aptitude update
Current status: 1 update [+1], 4497 new [+4497].

root@snowden:~# aptitude full-upgrade
The following packages will be upgraded: 
  tzdata 

root@snowden:~# aptitude -t testing install apache2
The following NEW packages will be installed:
  apache2 apache2-bin{a} apache2-data{a} libapr1{a} libaprutil1{a} 
  libaprutil1-dbd-sqlite3{a} libaprutil1-ldap{a} liblua5.1-0{a} ssl-cert{a} 
The following packages will be upgraded:
  libc6 locales 

root@snowden:~# aptitude -t testing install libc6-dev
The following NEW packages will be installed:
  binutils{a} cpp{a} cpp-4.7{a} gcc{a} gcc-4.7{a} gcc-4.8-base{a} 
  libc-dev-bin{a} libc6-dev libcloog-ppl1{a} libgcc-4.7-dev{a} libgmp10{a} 
  libgmpxx4ldbl{a} libgomp1{a} libitm1{a} libmpc3{a} libmpfr4{a} 
  libppl-c4{a} libppl12{a} libquadmath0{a} linux-libc-dev{a} 
  manpages-dev{a} 
The following packages will be upgraded:
  gcc-4.7-base libgcc1 libstdc++6 

root@snowden:~# aptitude -t testing install g++-4.7
The following NEW packages will be installed:
  g++-4.7 libstdc++6-4.7-dev{a} 

root@snowden:~# aptitude install dpkg-dev
The following NEW packages will be installed:
  build-essential{a} dpkg-dev fakeroot{a} g++{a} libalgorithm-diff-perl{a} 
  libalgorithm-diff-xs-perl{a} libalgorithm-merge-perl{a} libdpkg-perl{a} 
  libfile-fcntllock-perl{a} libtimedate-perl{a} make{a} 

root@snowden:/usr/local/src/apache2-2.4.6# aptitude -t testing install \
> libapr1-dev libaprutil1-dev liblua5.1-0-dev libncurses5 libncursesw5
The following NEW packages will be installed:
  autotools-dev{a} comerr-dev{a} krb5-multidev{a} libapr1-dev 
  libaprutil1-dev libexpat1-dev{a} libffi6{a} libglib2.0-0{a} 
  libglib2.0-data{a} libgssrpc4{a} libkadm5clnt-mit8{a} libkadm5srv-mit8{a} 
  libkdb5-7{a} libldap2-dev{a} libltdl-dev{a} libltdl7{a} liblua5.1-0-dev 
  libmysqlclient-dev{a} libmysqlclient18{a} libpcre3-dev{a} libpcrecpp0{a} 
  libpq-dev{a} libpq5{a} libreadline-dev{a} libreadline6-dev{a} 
  libsqlite3-dev{a} libssl-dev{a} libssl-doc{a} libtinfo-dev{a} libtool{a} 
  mysql-common{a} pkg-config{a} shared-mime-info{a} uuid-dev{a} 
  zlib1g-dev{a} 
The following packages will be upgraded:
  libcomerr2 libexpat1 libgcrypt11 libgssapi-krb5-2 libk5crypto3 libkrb5-3 
  libkrb5support0 libldap-2.4-2 libncurses5 libncursesw5 libpcre3 
  libsqlite3-0 libssl1.0.0 libtinfo5 libuuid1 zlib1g 
The following packages are RECOMMENDED but will NOT be installed:
  uuid-runtime 

root@snowden:/usr/local/src/apache2-2.4.6# aptitude install debhelper \
> libcap-dev libxml2-dev
The following NEW packages will be installed:
  autopoint{a} debhelper gettext{a} git{a} git-man{a} html2text{a} 
  intltool-debian{a} libcap-dev libcroco3{a} libcurl3-gnutls{a} 
  liberror-perl{a} libgettextpo0{a} libmail-sendmail-perl{a} librtmp0{a} 
  libssh2-1{a} libsys-hostname-long-perl{a} libunistring0{a} libxml2-dev 
  po-debconf{a} rsync{a}

root@snowden:/usr/local/src# dpkg -i apache2_2.4.6-3_amd64.deb

root@snowden:/usr/local/src# dpkg -i apache2-bin_2.4.6-3_amd64.deb

root@snowden:/usr/local/src# dpkg -i apache2-data_2.4.6-3_all.deb

root@snowden:~# a2enmod ssl
Considering dependency setenvif for ssl:
Module setenvif already enabled
Considering dependency mime for ssl:
Module mime already enabled
Considering dependency socache_shmcb for ssl:
Enabling module socache_shmcb.
Enabling module ssl.

root@snowden:~# a2enmod headers
Enabling module headers.

root@snowden:~# a2enconf etag.conf
Enabling conf etag.

root@snowden:~# a2enconf ssl-custom.conf
Enabling conf ssl-custom.

root@snowden:~# a2dissite 000-default
Site 000-default disabled.

root@snowden:~# a2ensite nulpunt.argure.nl
Enabling site nulpunt.argure.nl.

root@snowden:~# aptitude install zsh
The following NEW packages will be installed:
  zsh 

root@snowden:~# chsh -s /bin/zsh

snowden# export PS1="%n@%m:%~# " 

2013-09-20 21:50 geertjohan
-----------------

root@edi:~# a2enmod proxy
Enabling module proxy.
To activate the new configuration, you need to run:
  service apache2 restart

root@edi:~# service apache2 restart
Restarting web server: apache2.

2013-09-20 22:08 geertjohan
-----------------

root@edi:~# wget -q -O - http://pkg.jenkins-ci.org/debian/jenkins-ci.org.key | apt-key add - 
OK

root@edi:~# nano /etc/apt/sources.list
root@edi:~# apt-get update
Get:1 http://security.debian.org wheezy/updates Release.gpg [836 B]
Hit http://ftp.nl.debian.org wheezy Release.gpg                                                               
Get:2 http://security.debian.org jessie/updates Release.gpg [836 B]                                
Get:3 http://ftp.nl.debian.org wheezy-updates Release.gpg [1,571 B]                                            
Get:4 http://security.debian.org wheezy/updates Release [102 kB]                                                   
Get:5 http://ftp.nl.debian.org jessie Release.gpg [1,571 B]                                               
Hit http://ftp.nl.debian.org wheezy Release                                                                                
Get:6 http://ftp.nl.debian.org wheezy-updates Release [124 kB]                        
Get:7 http://security.debian.org jessie/updates Release [77.8 kB]                                                                          
Get:8 http://ftp.nl.debian.org jessie Release [170 kB]                                                                            
Hit http://ftp.nl.debian.org wheezy/main Sources                                                                                           
Hit http://ftp.nl.debian.org wheezy/non-free Sources                                           
Get:9 http://security.debian.org wheezy/updates/main Sources [56.0 kB]                        
Hit http://ftp.nl.debian.org wheezy/contrib Sources                                                   
Hit http://ftp.nl.debian.org wheezy/main amd64 Packages
Hit http://ftp.nl.debian.org wheezy/non-free amd64 Packages                                 
Get:10 http://security.debian.org wheezy/updates/contrib Sources [14 B]                     
Get:11 http://security.debian.org wheezy/updates/non-free Sources [14 B]                     
Hit http://ftp.nl.debian.org wheezy/contrib amd64 Packages                                   
Get:12 http://pkg.jenkins-ci.org binary/ Release.gpg [198 B]          
Get:13 http://security.debian.org wheezy/updates/main amd64 Packages [103 kB]     
Hit http://ftp.nl.debian.org wheezy/contrib Translation-en                                                   
Hit http://ftp.nl.debian.org wheezy/main Translation-en                                                                     
Hit http://ftp.nl.debian.org wheezy/non-free Translation-en                                                                 
Get:14 http://security.debian.org wheezy/updates/contrib amd64 Packages [14 B]                                              
Get:15 http://ftp.nl.debian.org wheezy-updates/main Sources [1,995 B]                                                       
Get:16 http://security.debian.org wheezy/updates/non-free amd64 Packages [14 B]                                             
Get:17 http://ftp.nl.debian.org wheezy-updates/contrib Sources [14 B]                                                       
Get:18 http://security.debian.org wheezy/updates/contrib Translation-en [14 B]                                              
Get:19 http://security.debian.org wheezy/updates/main Translation-en [60.4 kB]                                                    
Get:20 http://security.debian.org wheezy/updates/non-free Translation-en [14 B]                                                   
Get:21 http://security.debian.org jessie/updates/main Sources [14 B]                                                              
Get:22 http://ftp.nl.debian.org wheezy-updates/non-free Sources [14 B]                                                            
Get:23 http://security.debian.org jessie/updates/main amd64 Packages [14 B]                                                       
Hit http://ftp.nl.debian.org wheezy-updates/main amd64 Packages/DiffIndex                     
Get:24 http://ftp.nl.debian.org wheezy-updates/contrib amd64 Packages [14 B]
Get:25 http://security.debian.org jessie/updates/main Translation-en [14 B]
Get:26 http://ftp.nl.debian.org wheezy-updates/non-free amd64 Packages [14 B] 
Get:27 http://ftp.nl.debian.org wheezy-updates/contrib Translation-en [14 B]
Hit http://ftp.nl.debian.org wheezy-updates/main Translation-en/DiffIndex     
Get:28 http://ftp.nl.debian.org wheezy-updates/non-free Translation-en [14 B]
Get:29 http://ftp.nl.debian.org jessie/main Sources/DiffIndex [7,876 B]       
Get:30 http://ftp.nl.debian.org jessie/main amd64 Packages/DiffIndex [7,876 B]
Get:31 http://ftp.nl.debian.org jessie/main Translation-en/DiffIndex [7,876 B]
Get:32 http://pkg.jenkins-ci.org binary/ Release [2,046 B]
Get:33 http://ftp.nl.debian.org jessie/main 2013-09-18-0235.49.pdiff [26.0 kB]
Get:34 http://ftp.nl.debian.org jessie/main amd64 2013-09-18-0235.49.pdiff [25.6 kB]    
Get:35 http://ftp.nl.debian.org jessie/main 2013-09-18-0235.49.pdiff [26.0 kB]
Get:36 http://ftp.nl.debian.org jessie/main 2013-09-18-0235.49.pdiff [11.8 kB]                      
Get:37 http://pkg.jenkins-ci.org binary/ Packages [582 B]                                                            
Get:38 http://ftp.nl.debian.org jessie/main amd64 2013-09-18-0235.49.pdiff [25.6 kB]
Get:39 http://ftp.nl.debian.org jessie/main 2013-09-19-0234.56.pdiff [34.5 kB]
Get:40 http://ftp.nl.debian.org jessie/main 2013-09-18-0235.49.pdiff [11.8 kB]                                
Get:41 http://ftp.nl.debian.org jessie/main amd64 2013-09-19-0234.56.pdiff [24.3 kB]
Get:42 http://ftp.nl.debian.org jessie/main 2013-09-19-0234.56.pdiff [34.5 kB]                                        
Get:43 http://ftp.nl.debian.org jessie/main 2013-09-19-0234.56.pdiff [5,033 B]
Ign http://pkg.jenkins-ci.org binary/ Translation-en_US                                                               
Ign http://pkg.jenkins-ci.org binary/ Translation-en                          
Get:44 http://ftp.nl.debian.org jessie/main amd64 2013-09-19-0234.56.pdiff [24.3 kB]
Get:45 http://ftp.nl.debian.org jessie/main 2013-09-20-0235.18.pdiff [30.3 kB]
Get:46 http://ftp.nl.debian.org jessie/main 2013-09-19-0234.56.pdiff [5,033 B]
Get:47 http://ftp.nl.debian.org jessie/main amd64 2013-09-20-0235.18.pdiff [46.3 kB]
Get:48 http://ftp.nl.debian.org jessie/main 2013-09-20-0235.18.pdiff [30.3 kB]
Get:49 http://ftp.nl.debian.org jessie/main 2013-09-20-0235.18.pdiff [6,507 B]
Get:50 http://ftp.nl.debian.org jessie/main amd64 2013-09-20-0235.18.pdiff [46.3 kB]
Get:51 http://ftp.nl.debian.org jessie/main 2013-09-20-1435.08.pdiff [6,668 B]
Get:52 http://ftp.nl.debian.org jessie/main 2013-09-20-0235.18.pdiff [6,507 B]
Get:53 http://ftp.nl.debian.org jessie/main amd64 2013-09-20-1435.08.pdiff [26.3 kB]
Get:54 http://ftp.nl.debian.org jessie/main 2013-09-20-1435.08.pdiff [6,668 B]
Get:55 http://ftp.nl.debian.org jessie/main 2013-09-20-1435.08.pdiff [1,876 B]
Get:56 http://ftp.nl.debian.org jessie/main amd64 2013-09-20-1435.08.pdiff [26.3 kB]
Get:57 http://ftp.nl.debian.org jessie/main 2013-09-20-1435.08.pdiff [1,876 B]
Fetched 972 kB in 11s (83.4 kB/s)                                  
Reading package lists... Done

root@edi:~# apt-get install jenkins
Reading package lists... Done
Building dependency tree       
Reading state information... Done
The following extra packages will be installed:
  daemon gcj-4.7-base gcj-4.7-jre-headless libasound2 libgcj-common libgcj13 libpcsclite1
Suggested packages:
  fastjar gcj-4.7-jdk libgcj13-awt libasound2-plugins libgcj13-dbg pcscd
Recommended packages:
  gcj-4.7-jre-lib
The following NEW packages will be installed:
  daemon gcj-4.7-base gcj-4.7-jre-headless jenkins libasound2 libgcj-common libgcj13 libpcsclite1
0 upgraded, 8 newly installed, 0 to remove and 7 not upgraded.
Need to get 72.0 MB of archives.
After this operation, 121 MB of additional disk space will be used.
Do you want to continue [Y/n]? y
Get:1 http://ftp.nl.debian.org/debian/ wheezy/main libasound2 amd64 1.0.25-4 [461 kB]
Get:2 http://ftp.nl.debian.org/debian/ wheezy/main gcj-4.7-base amd64 4.7.2-3 [136 kB]
Get:3 http://ftp.nl.debian.org/debian/ wheezy/main libgcj-common all 1:4.6.3-8 [139 kB]
Get:4 http://ftp.nl.debian.org/debian/ wheezy/main libgcj13 amd64 4.7.2-3 [13.6 MB]
Get:5 http://pkg.jenkins-ci.org/debian/ binary/ jenkins 1.531 [57.4 MB]
Get:6 http://ftp.nl.debian.org/debian/ wheezy/main libpcsclite1 amd64 1.8.4-1+deb7u1 [57.0 kB]
Get:7 http://ftp.nl.debian.org/debian/ wheezy/main daemon amd64 0.6.4-1 [97.4 kB]
Get:8 http://ftp.nl.debian.org/debian/ wheezy/main gcj-4.7-jre-headless amd64 4.7.2-3 [53.1 kB]
Fetched 72.0 MB in 6s (10.8 MB/s)
Selecting previously unselected package libasound2:amd64.
(Reading database ... 35141 files and directories currently installed.)
Unpacking libasound2:amd64 (from .../libasound2_1.0.25-4_amd64.deb) ...
Selecting previously unselected package gcj-4.7-base.
Unpacking gcj-4.7-base (from .../gcj-4.7-base_4.7.2-3_amd64.deb) ...
Selecting previously unselected package libgcj-common.
Unpacking libgcj-common (from .../libgcj-common_1%3a4.6.3-8_all.deb) ...
Selecting previously unselected package libgcj13.
Unpacking libgcj13 (from .../libgcj13_4.7.2-3_amd64.deb) ...
Selecting previously unselected package libpcsclite1:amd64.
Unpacking libpcsclite1:amd64 (from .../libpcsclite1_1.8.4-1+deb7u1_amd64.deb) ...
Selecting previously unselected package daemon.
Unpacking daemon (from .../daemon_0.6.4-1_amd64.deb) ...
Selecting previously unselected package gcj-4.7-jre-headless.
Unpacking gcj-4.7-jre-headless (from .../gcj-4.7-jre-headless_4.7.2-3_amd64.deb) ...
Selecting previously unselected package jenkins.
Unpacking jenkins (from .../archives/jenkins_1.531_all.deb) ...
Processing triggers for man-db ...
Setting up libasound2:amd64 (1.0.25-4) ...
Setting up gcj-4.7-base (4.7.2-3) ...
Setting up libgcj-common (1:4.6.3-8) ...
Setting up libgcj13 (4.7.2-3) ...
Selecting previously unselected package libpcsclite1:amd64.
Unpacking libpcsclite1:amd64 (from .../libpcsclite1_1.8.4-1+deb7u1_amd64.deb) ...
Selecting previously unselected package daemon.
Unpacking daemon (from .../daemon_0.6.4-1_amd64.deb) ...
Selecting previously unselected package gcj-4.7-jre-headless.
Unpacking gcj-4.7-jre-headless (from .../gcj-4.7-jre-headless_4.7.2-3_amd64.deb) ...
Selecting previously unselected package jenkins.
Unpacking jenkins (from .../archives/jenkins_1.531_all.deb) ...
Processing triggers for man-db ...
Setting up libasound2:amd64 (1.0.25-4) ...
Setting up gcj-4.7-base (4.7.2-3) ...
Setting up libgcj-common (1:4.6.3-8) ...
Setting up libgcj13 (4.7.2-3) ...
Setting up libpcsclite1:amd64 (1.8.4-1+deb7u1) ...
Setting up daemon (0.6.4-1) ...
Setting up gcj-4.7-jre-headless (4.7.2-3) ...
Setting up jenkins (1.531) ...
Adding system user `jenkins' (UID 104) ...
Adding new user `jenkins' (UID 104) with group `nogroup' ...
Not creating home directory `/var/lib/jenkins'.
Starting Jenkins Continuous Integration Server: jenkins.

2013-09-20 22:08 geertjohan
-----------------

# edited and uploaded /etc/default/jenkins
# edited and uploaded /etc/apache2/sites-available/jenkins.nulpunt.nu

root@edi:~# service jenkins restart
Restarting Jenkins Continuous Integration Server: jenkins.

root@edi:~# service apache2 restart
Restarting web server: apache2.

root@edi:/etc/apache2/sites-available# a2ensite jenkins.nulpunt.nu

root@edi:/etc/apache2/sites-available# service apache2 reload      
Reloading web server: apache2.

# edited and uploaded /etc/apache2/sites-available/jenkins.nulpunt.nu

root@edi:/etc/apache2/sites-available# service apache2 reload      
Reloading web server: apache2.

root@edi:~# a2enmod proxy_ajp
Considering dependency proxy for proxy_ajp:
Module proxy already enabled
Enabling module proxy_ajp.
To activate the new configuration, you need to run:
  service apache2 restart
root@edi:~# service apache2 restart
Restarting web server: apache2.

root@edi:~# nano /etc/default/jenkins
root@edi:~# service jenkins restart
Restarting Jenkins Continuous Integration Server: jenkins.

2013-09-21 00:07 geertjohan
-----------------

root@edi:~# aptitude -t testing install openjdk-7-jre
The following NEW packages will be installed:
  acl{a} at-spi2-core{a} ca-certificates-java{a} colord{a} consolekit{a} dbus{a} dbus-x11{a} 
  dconf-gsettings-backend{a} dconf-service{a} desktop-file-utils{a} dosfstools{a} fontconfig{a} 
  fontconfig-config{a} fonts-dejavu-core{a} fonts-dejavu-extra{a} fuse{a} gconf-service{a} gconf2 
  gconf2-common{a} gnome-mime-data gvfs{a} gvfs-common{a} gvfs-daemons{a} gvfs-libs{a} 
  hicolor-icon-theme{a} icedtea-7-jre-jamvm{a} init-system-helpers{a} java-common{a} libaacs0{a} 
  libasyncns0{a} libatasmart4{a} libatk-bridge2.0-0{a} libatk-wrapper-java{a} 
  libatk-wrapper-java-jni{a} libatk1.0-0{a} libatk1.0-data{a} libatspi2.0-0{a} libavahi-client3{a} 
  libavahi-common-data{a} libavahi-common3{a} libavahi-glib1 libbluray1{a} libbonobo2-0{a} 
  libbonobo2-common{a} libcairo-gobject2{a} libcairo2{a} libcanberra0{a} libck-connector0{a} 
  libcolord1{a} libcolorhug1{a} libcups2{a} libdatrie1{a} libdbus-1-3{a} libdbus-glib-1-2{a} 
  libdconf1{a} libdrm-intel1{a} libdrm-nouveau2{a} libdrm-radeon1{a} libdrm2{a} libexif12{a} 
  libfam0 libfile-copy-recursive-perl{a} libflac8{a} libfontconfig1{a} libfontenc1{a} 
  libgconf-2-4{a} libgconf2-4{a} libgd3{a} libgdk-pixbuf2.0-0{a} libgdk-pixbuf2.0-common{a} 
  libgif4{a} libgl1-mesa-dri{a} libgl1-mesa-glx{a} libglapi-mesa{a} libgnome2-0{a} 
  libgnome2-common{a} libgnomevfs2-0{a} libgnomevfs2-common libgnomevfs2-extra libgphoto2-2{a} 
  libgphoto2-l10n{a} libgphoto2-port0{a} libgraphite2-3{a} libgtk-3-0{a} libgtk-3-bin{a} 
  libgtk-3-common{a} libgtk2.0-0{a} libgtk2.0-bin{a} libgtk2.0-common{a} libgudev-1.0-0{a} 
  libgusb2{a} libharfbuzz0a{a} libice6{a} libidl0{a} libieee1284-3{a} libjasper1{a} libjbig0 
  libjpeg8{a} libjson-c2{a} liblcms2-2{a} libllvm3.2{a} libnspr4{a} libnss3{a} libogg0{a} 
  liborbit2{a} libpam-ck-connector{a} libpango-1.0-0{a} libpango1.0-0{a} libpangocairo-1.0-0{a} 
  libpangoft2-1.0-0{a} libpangox-1.0-0{a} libpangoxft-1.0-0{a} libpciaccess0{a} libpixman-1-0{a} 
  libpng12-0{a} libpolkit-agent-1-0{a} libpolkit-backend-1-0{a} libpolkit-gobject-1-0{a} 
  libpulse0{a} libsane{a} libsane-common{a} libsane-extras{a} libsane-extras-common{a} 
  libsecret-1-0{a} libsecret-common{a} libsm6{a} libsmbclient libsndfile1{a} libsystemd-login0{a} 
  libtalloc2{a} libtdb1{a} libtevent0{a} libthai-data{a} libthai0{a} libtiff4{a} 
  libtxc-dxtn-s2tc0{a} libudisks2-0{a} libv4l-0{a} libv4lconvert0{a} libvorbis0a{a} 
  libvorbisenc2{a} libvorbisfile3{a} libvpx1{a} libwbclient0{a} libx11-xcb1{a} libxaw7{a} 
  libxcb-dri2-0{a} libxcb-glx0{a} libxcb-render0{a} libxcb-shape0{a} libxcb-shm0{a} 
  libxcomposite1{a} libxcursor1{a} libxdamage1{a} libxfixes3{a} libxft2{a} libxi6{a} 
  libxinerama1{a} libxmu6{a} libxpm4{a} libxrandr2{a} libxrender1{a} libxt6{a} libxtst6{a} 
  libxv1{a} libxxf86dga1{a} libxxf86vm1{a} ntfs-3g{a} openjdk-7-jre openjdk-7-jre-headless{a} 
  openjdk-7-jre-lib{a} policykit-1{a} policykit-1-gnome{a} sane-utils{a} ttf-dejavu-core{a} 
  ttf-dejavu-extra{a} tzdata-java{a} udisks2{a} update-inetd{a} x11-common{a} x11-utils{a} 
The following packages will be upgraded:
  libacl1 libfuse2 libx11-6 
3 packages upgraded, 181 newly installed, 0 to remove and 219 not upgraded.
Need to get 102 MB of archives. After unpacking 321 MB will be used.
Do you want to continue? [Y/n/?] y
Get: 1 http://ftp.nl.debian.org/debian/ jessie/main libacl1 amd64 2.2.52-1 [30.2 kB]
Get: 2 http://ftp.nl.debian.org/debian/ jessie/main libaacs0 amd64 0.6.0-2 [44.7 kB]
Get: 3 http://ftp.nl.debian.org/debian/ wheezy/main libasyncns0 amd64 0.8-4 [13.6 kB]
Get: 4 http://ftp.nl.debian.org/debian/ jessie/main libatasmart4 amd64 0.19-2 [27.3 kB]
Get: 5 http://ftp.nl.debian.org/debian/ jessie/main libatk1.0-data all 2.8.0-2 [169 kB]
Get: 6 http://ftp.nl.debian.org/debian/ jessie/main libatk1.0-0 amd64 2.8.0-2 [85.1 kB]
Get: 7 http://ftp.nl.debian.org/debian/ jessie/main libdbus-1-3 amd64 1.6.14-1 [151 kB]
Get: 8 http://ftp.nl.debian.org/debian/ jessie/main libx11-6 amd64 2:1.6.1-1 [711 kB]
Get: 9 http://ftp.nl.debian.org/debian/ jessie/main libatspi2.0-0 amd64 2.9.5-1 [68.8 kB]
Get: 10 http://ftp.nl.debian.org/debian/ jessie/main libatk-bridge2.0-0 amd64 2.9.5-1 [62.0 kB]
Get: 11 http://ftp.nl.debian.org/debian/ jessie/main fonts-dejavu-core all 2.33+svn2514-3 [1,042 kB]
Get: 12 http://ftp.nl.debian.org/debian/ jessie/main ttf-dejavu-core all 2.33+svn2514-3 [29.8 kB]
Get: 13 http://ftp.nl.debian.org/debian/ jessie/main fontconfig-config all 2.10.2-2 [251 kB]
Get: 14 http://ftp.nl.debian.org/debian/ jessie/main libfontconfig1 amd64 2.10.2-2 [319 kB]
Get: 15 http://ftp.nl.debian.org/debian/ jessie/main libpixman-1-0 amd64 0.30.2-1 [479 kB]
Get: 16 http://ftp.nl.debian.org/debian/ jessie/main libpng12-0 amd64 1.2.49-4 [190 kB]
Get: 17 http://ftp.nl.debian.org/debian/ jessie/main libxcb-render0 amd64 1.9.1-3 [19.0 kB]
Get: 18 http://ftp.nl.debian.org/debian/ jessie/main libxcb-shm0 amd64 1.9.1-3 [10.8 kB]
Get: 19 http://ftp.nl.debian.org/debian/ jessie/main libxrender1 amd64 1:0.9.8-1 [33.5 kB]
Get: 20 http://ftp.nl.debian.org/debian/ jessie/main libcairo2 amd64 1.12.14-4 [1,003 kB]
Get: 21 http://ftp.nl.debian.org/debian/ wheezy/main libjpeg8 amd64 8d-1 [134 kB]
Get: 22 http://ftp.nl.debian.org/debian/ jessie/main libjasper1 amd64 1.900.1-14 [160 kB]
Get: 23 http://ftp.nl.debian.org/debian/ wheezy/main libjbig0 amd64 2.0-2 [32.2 kB]
Get: 24 http://ftp.nl.debian.org/debian/ jessie/main libtiff4 amd64 3.9.7-2 [179 kB]
Get: 25 http://ftp.nl.debian.org/debian/ jessie/main libgdk-pixbuf2.0-common all 2.28.2-1 [291 kB]
Get: 26 http://ftp.nl.debian.org/debian/ jessie/main libgdk-pixbuf2.0-0 amd64 2.28.2-1 [160 kB]
Get: 27 http://ftp.nl.debian.org/debian/ jessie/main libgtk2.0-common all 2.24.20-1 [3,139 kB]
Get: 28 http://ftp.nl.debian.org/debian/ wheezy/main libavahi-common-data amd64 0.6.31-2 [135 kB]
Get: 29 http://ftp.nl.debian.org/debian/ wheezy/main libavahi-common3 amd64 0.6.31-2 [54.6 kB]
Get: 30 http://ftp.nl.debian.org/debian/ wheezy/main libavahi-client3 amd64 0.6.31-2 [59.5 kB]
Get: 31 http://ftp.nl.debian.org/debian/ jessie/main libcups2 amd64 1.6.3-1 [280 kB]
Get: 32 http://ftp.nl.debian.org/debian/ jessie/main libthai-data all 0.1.19-2 [156 kB]
Get: 33 http://ftp.nl.debian.org/debian/ jessie/main libdatrie1 amd64 0.2.6-2 [30.2 kB]
Get: 34 http://ftp.nl.debian.org/debian/ jessie/main libthai0 amd64 0.1.19-2 [43.1 kB]
Get: 35 http://ftp.nl.debian.org/debian/ jessie/main fontconfig amd64 2.10.2-2 [375 kB]
Get: 36 http://ftp.nl.debian.org/debian/ jessie/main libpango-1.0-0 amd64 1.32.5-5+b1 [263 kB]
Get: 37 http://ftp.nl.debian.org/debian/ jessie/main libgraphite2-3 amd64 1.2.3-1 [61.3 kB]
Get: 38 http://ftp.nl.debian.org/debian/ jessie/main libharfbuzz0a amd64 0.9.19-1 [441 kB]
Get: 39 http://ftp.nl.debian.org/debian/ jessie/main libpangoft2-1.0-0 amd64 1.32.5-5+b1 [187 kB]
Get: 40 http://ftp.nl.debian.org/debian/ jessie/main libpangocairo-1.0-0 amd64 1.32.5-5+b1 [174 kB]
Get: 41 http://ftp.nl.debian.org/debian/ jessie/main libxcomposite1 amd64 1:0.4.4-1 [17.4 kB]
Get: 42 http://ftp.nl.debian.org/debian/ jessie/main libxfixes3 amd64 1:5.0.1-1 [22.5 kB]
Get: 43 http://ftp.nl.debian.org/debian/ jessie/main libxcursor1 amd64 1:1.1.14-1 [38.0 kB]
Get: 44 http://ftp.nl.debian.org/debian/ jessie/main libxdamage1 amd64 1:1.1.4-1 [15.1 kB]
Get: 45 http://ftp.nl.debian.org/debian/ jessie/main libxi6 amd64 2:1.7.2-1 [77.0 kB]
Get: 46 http://ftp.nl.debian.org/debian/ jessie/main libxinerama1 amd64 2:1.1.3-1 [17.4 kB]
Get: 47 http://ftp.nl.debian.org/debian/ jessie/main libxrandr2 amd64 2:1.4.1-1 [36.8 kB]
Get: 48 http://ftp.nl.debian.org/debian/ jessie/main libgtk2.0-0 amd64 2.24.20-1 [2,238 kB]
Get: 49 http://ftp.nl.debian.org/debian/ jessie/main openjdk-7-jre-lib all 7u21-2.3.9-5 [5,543 kB]
Get: 50 http://ftp.nl.debian.org/debian/ jessie/main libnspr4 amd64 2:4.10-1 [140 kB]
Get: 51 http://ftp.nl.debian.org/debian/ jessie/main libnss3 amd64 2:3.15.1-1 [1,089 kB]
Get: 52 http://ftp.nl.debian.org/debian/ jessie/main ca-certificates-java all 20130815 [14.7 kB]
Get: 53 http://ftp.nl.debian.org/debian/ jessie/main tzdata-java all 2013d-1 [90.3 kB]
Get: 54 http://ftp.nl.debian.org/debian/ jessie/main java-common all 0.49 [135 kB]
Get: 55 http://ftp.nl.debian.org/debian/ wheezy/main liblcms2-2 amd64 2.2+git20110628-2.2 [143 kB]
Get: 56 http://ftp.nl.debian.org/debian/ jessie/main openjdk-7-jre-headless amd64 7u21-2.3.9-5 [35.5 MB]
Get: 57 http://ftp.nl.debian.org/debian/ wheezy/main libgif4 amd64 4.1.6-10 [42.7 kB]
Get: 58 http://ftp.nl.debian.org/debian/ wheezy/main libxft2 amd64 2.3.1-1 [61.0 kB]
Get: 59 http://ftp.nl.debian.org/debian/ jessie/main libpangoxft-1.0-0 amd64 1.32.5-5+b1 [169 kB]
Get: 60 http://ftp.nl.debian.org/debian/ jessie/main libpangox-1.0-0 amd64 0.0.2-4 [41.4 kB]            
Get: 61 http://ftp.nl.debian.org/debian/ jessie/main libpango1.0-0 amd64 1.32.5-5+b1 [157 kB]           
Get: 62 http://ftp.nl.debian.org/debian/ jessie/main x11-common all 1:7.7+3 [284 kB]                    
Get: 63 http://ftp.nl.debian.org/debian/ wheezy/main libice6 amd64 2:1.0.8-2 [63.1 kB]                  
Get: 64 http://ftp.nl.debian.org/debian/ jessie/main libjson-c2 amd64 0.11-3 [23.4 kB]                  
Get: 65 http://ftp.nl.debian.org/debian/ wheezy/main libsm6 amd64 2:1.2.1-2 [34.2 kB]                   
Get: 66 http://ftp.nl.debian.org/debian/ jessie/main libogg0 amd64 1.3.1-1 [20.7 kB]                    
Get: 67 http://ftp.nl.debian.org/debian/ jessie/main libflac8 amd64 1.3.0-2 [86.6 kB]                   
Get: 68 http://ftp.nl.debian.org/debian/ wheezy/main libvorbis0a amd64 1.3.2-1.3 [109 kB]               
Get: 69 http://ftp.nl.debian.org/debian/ wheezy/main libvorbisenc2 amd64 1.3.2-1.3 [143 kB]             
Get: 70 http://ftp.nl.debian.org/debian/ jessie/main libsndfile1 amd64 1.0.25-7 [242 kB]                
Get: 71 http://ftp.nl.debian.org/debian/ jessie/main libx11-xcb1 amd64 2:1.6.1-1 [156 kB]               
Get: 72 http://ftp.nl.debian.org/debian/ jessie/main libxtst6 amd64 2:1.2.2-1 [26.6 kB]                 
Get: 73 http://ftp.nl.debian.org/debian/ jessie/main libpulse0 amd64 4.0-6 [243 kB]                     
Get: 74 http://ftp.nl.debian.org/debian/ jessie/main libdrm2 amd64 2.4.46-2 [466 kB]                    
Get: 75 http://ftp.nl.debian.org/debian/ jessie/main libglapi-mesa amd64 9.1.6-2 [49.4 kB]              
Get: 76 http://ftp.nl.debian.org/debian/ jessie/main libxcb-dri2-0 amd64 1.9.1-3 [12.9 kB]              
Get: 77 http://ftp.nl.debian.org/debian/ jessie/main libxcb-glx0 amd64 1.9.1-3 [32.5 kB]                
Get: 78 http://ftp.nl.debian.org/debian/ jessie/main libxxf86vm1 amd64 1:1.1.3-1 [19.1 kB]              
Get: 79 http://ftp.nl.debian.org/debian/ jessie/main libgl1-mesa-glx amd64 9.1.6-2 [133 kB]             
Get: 80 http://ftp.nl.debian.org/debian/ jessie/main openjdk-7-jre amd64 7u21-2.3.9-5 [229 kB]          
Get: 81 http://ftp.nl.debian.org/debian/ jessie/main libatk-wrapper-java all 0.30.4-4 [30.1 kB]         
Get: 82 http://ftp.nl.debian.org/debian/ jessie/main libatk-wrapper-java-jni amd64 0.30.4-4 [24.5 kB]   
Get: 83 http://ftp.nl.debian.org/debian/ wheezy/main libavahi-glib1 amd64 0.6.31-2 [37.4 kB]            
Get: 84 http://ftp.nl.debian.org/debian/ wheezy/main libbluray1 amd64 1:0.2.2-1 [86.3 kB]               
Get: 85 http://ftp.nl.debian.org/debian/ jessie/main libcairo-gobject2 amd64 1.12.14-4 [508 kB]         
Get: 86 http://ftp.nl.debian.org/debian/ jessie/main libtdb1 amd64 1.2.12-1 [36.5 kB]                   
Get: 87 http://ftp.nl.debian.org/debian/ wheezy/main libvorbisfile3 amd64 1.3.2-1.3 [24.9 kB]           
Get: 88 http://ftp.nl.debian.org/debian/ jessie/main libcanberra0 amd64 0.30-2 [38.4 kB]                
Get: 89 http://ftp.nl.debian.org/debian/ wheezy/main libck-connector0 amd64 0.4.5-3.1 [59.0 kB]         
Get: 90 http://ftp.nl.debian.org/debian/ jessie/main libcolord1 amd64 1.0.2-1 [190 kB]                  
Get: 91 http://ftp.nl.debian.org/debian/ wheezy/main libdbus-glib-1-2 amd64 0.100.2-1 [203 kB]          
Get: 92 http://ftp.nl.debian.org/debian/ jessie/main libdconf1 amd64 0.16.1-1 [32.4 kB]                 
Get: 93 http://ftp.nl.debian.org/debian/ jessie/main libpciaccess0 amd64 0.13.2-1 [46.5 kB]             
Get: 94 http://ftp.nl.debian.org/debian/ jessie/main libdrm-intel1 amd64 2.4.46-2 [499 kB]              
Get: 95 http://ftp.nl.debian.org/debian/ jessie/main libdrm-nouveau2 amd64 2.4.46-2 [458 kB]            
Get: 96 http://ftp.nl.debian.org/debian/ jessie/main libdrm-radeon1 amd64 2.4.46-2 [467 kB]             
Get: 97 http://ftp.nl.debian.org/debian/ jessie/main libexif12 amd64 0.6.21-1 [686 kB]                  
Get: 98 http://ftp.nl.debian.org/debian/ jessie/main libfontenc1 amd64 1:1.1.2-1 [25.6 kB]              
Get: 99 http://ftp.nl.debian.org/debian/ jessie/main libfuse2 amd64 2.9.2-4 [130 kB]                    
Get: 100 http://ftp.nl.debian.org/debian/ jessie/main gconf2-common all 3.2.6-1 [1,041 kB]              
Get: 101 http://ftp.nl.debian.org/debian/ jessie/main libgconf-2-4 amd64 3.2.6-1 [425 kB]               
Get: 102 http://ftp.nl.debian.org/debian/ jessie/main libvpx1 amd64 1.2.0-2 [298 kB]                    
Get: 103 http://ftp.nl.debian.org/debian/ wheezy/main libxpm4 amd64 1:3.5.10-1 [49.4 kB]                
Get: 104 http://ftp.nl.debian.org/debian/ jessie/main libgd3 amd64 2.1.0-2 [171 kB]                     
Get: 105 http://ftp.nl.debian.org/debian/ jessie/main libllvm3.2 amd64 1:3.2repack-11 [5,685 kB]        
Get: 106 http://ftp.nl.debian.org/debian/ jessie/main libgl1-mesa-dri amd64 9.1.6-2 [5,793 kB]          
Get: 107 http://ftp.nl.debian.org/debian/ jessie/main libgphoto2-port0 amd64 2.4.14-2.3 [157 kB]        
Get: 108 http://ftp.nl.debian.org/debian/ jessie/main libgphoto2-2 amd64 2.4.14-2.3 [1,071 kB]          
Get: 109 http://ftp.nl.debian.org/debian/ jessie/main dconf-service amd64 0.16.1-1 [39.6 kB]            
Get: 110 http://ftp.nl.debian.org/debian/ jessie/main dconf-gsettings-backend amd64 0.16.1-1 [31.1 kB]  
Get: 111 http://ftp.nl.debian.org/debian/ jessie/main libgtk-3-common all 3.8.4-1 [2,824 kB]            
Get: 112 http://ftp.nl.debian.org/debian/ jessie/main libgtk-3-0 amd64 3.8.4-1 [1,872 kB]               
Get: 113 http://ftp.nl.debian.org/debian/ wheezy/main libgudev-1.0-0 amd64 175-7.2 [113 kB]             
Get: 114 http://ftp.nl.debian.org/debian/ jessie/main libieee1284-3 amd64 0.2.11-12 [28.9 kB]           
Get: 115 http://ftp.nl.debian.org/debian/ wheezy/main libidl0 amd64 0.8.14-0.2 [127 kB]                 
Get: 116 http://ftp.nl.debian.org/debian/ jessie/main liborbit2 amd64 1:2.14.19-0.2 [233 kB]            
Get: 117 http://ftp.nl.debian.org/debian/ wheezy/main libpolkit-gobject-1-0 amd64 0.105-3 [49.7 kB]     
Get: 118 http://ftp.nl.debian.org/debian/ wheezy/main libpolkit-agent-1-0 amd64 0.105-3 [25.3 kB]       
Get: 119 http://ftp.nl.debian.org/debian/ wheezy/main libpolkit-backend-1-0 amd64 0.105-3 [50.1 kB]     
Get: 120 http://ftp.nl.debian.org/debian/ jessie/main acl amd64 2.2.52-1 [70.9 kB]                      
Get: 121 http://ftp.nl.debian.org/debian/ jessie/main libsane-common amd64 1.0.23-3 [747 kB]            
Get: 122 http://ftp.nl.debian.org/debian/ jessie/main libv4lconvert0 amd64 1.0.0-1 [91.5 kB]            
Get: 123 http://ftp.nl.debian.org/debian/ jessie/main libv4l-0 amd64 1.0.0-1 [57.4 kB]                  
Get: 124 http://ftp.nl.debian.org/debian/ jessie/main libsane amd64 1.0.23-3 [1,990 kB]                 
Get: 125 http://ftp.nl.debian.org/debian/ jessie/main libsecret-common all 0.15-2 [39.8 kB]             
Get: 126 http://ftp.nl.debian.org/debian/ jessie/main libsecret-1-0 amd64 0.15-2 [147 kB]               
Get: 127 http://ftp.nl.debian.org/debian/ jessie/main libtalloc2 amd64 2.0.8-1 [23.1 kB]                
Get: 128 http://ftp.nl.debian.org/debian/ jessie/main libtevent0 amd64 0.9.19-1 [24.6 kB]               
Get: 129 http://ftp.nl.debian.org/debian/ jessie/main libwbclient0 amd64 2:3.6.18-1 [95.4 kB]           
Get: 130 http://ftp.nl.debian.org/debian/ jessie/main libsmbclient amd64 2:3.6.18-1 [1,524 kB]          
Get: 131 http://ftp.nl.debian.org/debian/ jessie/main libudisks2-0 amd64 2.1.1-1 [93.4 kB]              
Get: 132 http://ftp.nl.debian.org/debian/ jessie/main libxt6 amd64 1:1.1.4-1 [180 kB]                   
Get: 133 http://ftp.nl.debian.org/debian/ wheezy/main libxmu6 amd64 2:1.1.1-1 [66.6 kB]                 
Get: 134 http://ftp.nl.debian.org/debian/ jessie/main libxaw7 amd64 2:1.0.11-1 [228 kB]                 
Get: 135 http://ftp.nl.debian.org/debian/ jessie/main libxcb-shape0 amd64 1.9.1-3 [11.5 kB]             
Get: 136 http://ftp.nl.debian.org/debian/ jessie/main libxv1 amd64 2:1.0.9-1 [21.6 kB]                  
Get: 137 http://ftp.nl.debian.org/debian/ jessie/main libxxf86dga1 amd64 2:1.1.4-1 [21.8 kB]            
Get: 138 http://ftp.nl.debian.org/debian/ jessie/main fuse amd64 2.9.2-4 [68.8 kB]                      
Get: 139 http://ftp.nl.debian.org/debian/ jessie/main ntfs-3g amd64 1:2013.1.13AR.1-2 [443 kB]          
Get: 140 http://ftp.nl.debian.org/debian/ jessie/main libgusb2 amd64 0.1.6-2 [20.5 kB]                  
Get: 141 http://ftp.nl.debian.org/debian/ jessie/main libcolorhug1 amd64 1.0.2-1 [132 kB]               
Get: 142 http://ftp.nl.debian.org/debian/ jessie/main libsystemd-login0 amd64 44-12+b1 [28.0 kB]        
Get: 143 http://ftp.nl.debian.org/debian/ jessie/main libtxc-dxtn-s2tc0 amd64 0~git20121227-1 [61.2 kB] 
Get: 144 http://ftp.nl.debian.org/debian/ jessie/main at-spi2-core amd64 2.9.5-1 [54.4 kB]              
Get: 145 http://ftp.nl.debian.org/debian/ jessie/main init-system-helpers all 1.8 [11.2 kB]             
Get: 146 http://ftp.nl.debian.org/debian/ jessie/main dbus amd64 1.6.14-1 [259 kB]                      
Get: 147 http://ftp.nl.debian.org/debian/ wheezy/main consolekit amd64 0.4.5-3.1 [155 kB]               
Get: 148 http://ftp.nl.debian.org/debian/ wheezy/main policykit-1 amd64 0.105-3 [66.3 kB]               
Get: 149 http://ftp.nl.debian.org/debian/ jessie/main colord amd64 1.0.2-1 [382 kB]                     
Get: 150 http://ftp.nl.debian.org/debian/ jessie/main dbus-x11 amd64 1.6.14-1 [57.6 kB]                 
Get: 151 http://ftp.nl.debian.org/debian/ jessie/main desktop-file-utils amd64 0.22-1 [76.0 kB]         
Get: 152 http://ftp.nl.debian.org/debian/ jessie/main dosfstools amd64 3.0.16-2 [73.8 kB]               
Get: 153 http://ftp.nl.debian.org/debian/ jessie/main fonts-dejavu-extra all 2.33+svn2514-3 [1,758 kB]  
Get: 154 http://ftp.nl.debian.org/debian/ jessie/main gconf-service amd64 3.2.6-1 [412 kB]              
Get: 155 http://ftp.nl.debian.org/debian/ jessie/main gconf2 amd64 3.2.6-1 [423 kB]                     
Get: 156 http://ftp.nl.debian.org/debian/ wheezy/main gnome-mime-data all 2.18.0-1 [725 kB]             
Get: 157 http://ftp.nl.debian.org/debian/ jessie/main x11-utils amd64 7.7+1 [189 kB]                    
Get: 158 http://ftp.nl.debian.org/debian/ jessie/main udisks2 amd64 2.1.1-1 [225 kB]                    
Get: 159 http://ftp.nl.debian.org/debian/ jessie/main gvfs-common all 1.16.3-1 [673 kB]                 
Get: 160 http://ftp.nl.debian.org/debian/ jessie/main gvfs-libs amd64 1.16.3-1 [280 kB]                 
Get: 161 http://ftp.nl.debian.org/debian/ jessie/main gvfs-daemons amd64 1.16.3-1 [302 kB]              
Get: 162 http://ftp.nl.debian.org/debian/ jessie/main gvfs amd64 1.16.3-1 [282 kB]                      
Get: 163 http://ftp.nl.debian.org/debian/ wheezy/main hicolor-icon-theme all 0.12-1 [11.7 kB]           
Get: 164 http://ftp.nl.debian.org/debian/ jessie/main libbonobo2-common all 2.32.1-1 [252 kB]           
Get: 165 http://ftp.nl.debian.org/debian/ jessie/main libbonobo2-0 amd64 2.32.1-1 [261 kB]              
Get: 166 http://ftp.nl.debian.org/debian/ wheezy/main libfam0 amd64 2.7.0-17 [28.8 kB]                  
Get: 167 http://ftp.nl.debian.org/debian/ wheezy/main libfile-copy-recursive-perl all 0.38-1 [20.6 kB]  
Get: 168 http://ftp.nl.debian.org/debian/ jessie/main libgconf2-4 amd64 3.2.6-1 [358 kB]                
Get: 169 http://ftp.nl.debian.org/debian/ jessie/main libgnomevfs2-common all 1:2.24.4-3 [757 kB]       
Get: 170 http://ftp.nl.debian.org/debian/ jessie/main libgnomevfs2-0 amd64 1:2.24.4-3 [507 kB]          
Get: 171 http://ftp.nl.debian.org/debian/ jessie/main libgnome2-common all 2.32.1-4 [915 kB]            
Get: 172 http://ftp.nl.debian.org/debian/ jessie/main libgnome2-0 amd64 2.32.1-4 [474 kB]               
Get: 173 http://ftp.nl.debian.org/debian/ jessie/main libgnomevfs2-extra amd64 1:2.24.4-3 [375 kB]      
Get: 174 http://ftp.nl.debian.org/debian/ jessie/main libgphoto2-l10n all 2.4.14-2.3 [757 kB]           
Get: 175 http://ftp.nl.debian.org/debian/ jessie/main libgtk-3-bin amd64 3.8.4-1 [60.5 kB]              
Get: 176 http://ftp.nl.debian.org/debian/ jessie/main libgtk2.0-bin amd64 2.24.20-1 [518 kB]            
Get: 177 http://ftp.nl.debian.org/debian/ wheezy/main libpam-ck-connector amd64 0.4.5-3.1 [59.0 kB]     
Get: 178 http://ftp.nl.debian.org/debian/ jessie/main libsane-extras-common amd64 1.0.22.3 [12.8 kB]    
Get: 179 http://ftp.nl.debian.org/debian/ jessie/main libsane-extras amd64 1.0.22.3 [67.4 kB]           
Get: 180 http://ftp.nl.debian.org/debian/ wheezy/main policykit-1-gnome amd64 0.105-2 [89.1 kB]         
Get: 181 http://ftp.nl.debian.org/debian/ wheezy/main update-inetd all 4.43 [21.8 kB]                   
Get: 182 http://ftp.nl.debian.org/debian/ jessie/main sane-utils amd64 1.0.23-3 [199 kB]                
Get: 183 http://ftp.nl.debian.org/debian/ jessie/main ttf-dejavu-extra all 2.33+svn2514-3 [30.0 kB]     
Get: 184 http://ftp.nl.debian.org/debian/ jessie/main icedtea-7-jre-jamvm amd64 7u21-2.3.9-5 [626 kB]   
Fetched 102 MB in 11s (8,632 kB/s)                                                                      
Reading changelogs... Done
Extracting templates from packages: 100%
Preconfiguring packages ...
(Reading database ... 35376 files and directories currently installed.)
Preparing to replace libacl1:amd64 2.2.51-8 (using .../libacl1_2.2.52-1_amd64.deb) ...
Unpacking replacement libacl1:amd64 ...
Setting up libacl1:amd64 (2.2.52-1) ...
Selecting previously unselected package libaacs0:amd64.
(Reading database ... 35376 files and directories currently installed.)
Unpacking libaacs0:amd64 (from .../libaacs0_0.6.0-2_amd64.deb) ...
Selecting previously unselected package libasyncns0:amd64.
Unpacking libasyncns0:amd64 (from .../libasyncns0_0.8-4_amd64.deb) ...
Selecting previously unselected package libatasmart4:amd64.
Unpacking libatasmart4:amd64 (from .../libatasmart4_0.19-2_amd64.deb) ...
Selecting previously unselected package libatk1.0-data.
Unpacking libatk1.0-data (from .../libatk1.0-data_2.8.0-2_all.deb) ...
Selecting previously unselected package libatk1.0-0:amd64.
Unpacking libatk1.0-0:amd64 (from .../libatk1.0-0_2.8.0-2_amd64.deb) ...
Selecting previously unselected package libdbus-1-3:amd64.
Unpacking libdbus-1-3:amd64 (from .../libdbus-1-3_1.6.14-1_amd64.deb) ...
Preparing to replace libx11-6:amd64 2:1.5.0-1+deb7u1 (using .../libx11-6_2%3a1.6.1-1_amd64.deb) ...
Unpacking replacement libx11-6:amd64 ...
Selecting previously unselected package libatspi2.0-0:amd64.
Unpacking libatspi2.0-0:amd64 (from .../libatspi2.0-0_2.9.5-1_amd64.deb) ...
Selecting previously unselected package libatk-bridge2.0-0:amd64.
Unpacking libatk-bridge2.0-0:amd64 (from .../libatk-bridge2.0-0_2.9.5-1_amd64.deb) ...
Selecting previously unselected package fonts-dejavu-core.
Unpacking fonts-dejavu-core (from .../fonts-dejavu-core_2.33+svn2514-3_all.deb) ...
Selecting previously unselected package ttf-dejavu-core.
Unpacking ttf-dejavu-core (from .../ttf-dejavu-core_2.33+svn2514-3_all.deb) ...
Selecting previously unselected package fontconfig-config.
Unpacking fontconfig-config (from .../fontconfig-config_2.10.2-2_all.deb) ...
Selecting previously unselected package libfontconfig1:amd64.
Unpacking libfontconfig1:amd64 (from .../libfontconfig1_2.10.2-2_amd64.deb) ...
Selecting previously unselected package libpixman-1-0:amd64.
Unpacking libpixman-1-0:amd64 (from .../libpixman-1-0_0.30.2-1_amd64.deb) ...
Selecting previously unselected package libpng12-0:amd64.
Unpacking libpng12-0:amd64 (from .../libpng12-0_1.2.49-4_amd64.deb) ...
Selecting previously unselected package libxcb-render0:amd64.
Unpacking libxcb-render0:amd64 (from .../libxcb-render0_1.9.1-3_amd64.deb) ...
Selecting previously unselected package libxcb-shm0:amd64.
Unpacking libxcb-shm0:amd64 (from .../libxcb-shm0_1.9.1-3_amd64.deb) ...
Selecting previously unselected package libxrender1:amd64.
Unpacking libxrender1:amd64 (from .../libxrender1_1%3a0.9.8-1_amd64.deb) ...
Selecting previously unselected package libcairo2:amd64.
Unpacking libcairo2:amd64 (from .../libcairo2_1.12.14-4_amd64.deb) ...
Selecting previously unselected package libjpeg8:amd64.
Unpacking libjpeg8:amd64 (from .../libjpeg8_8d-1_amd64.deb) ...
Selecting previously unselected package libjasper1:amd64.
Unpacking libjasper1:amd64 (from .../libjasper1_1.900.1-14_amd64.deb) ...
Selecting previously unselected package libjbig0:amd64.
Unpacking libjbig0:amd64 (from .../libjbig0_2.0-2_amd64.deb) ...
Selecting previously unselected package libtiff4:amd64.
Unpacking libtiff4:amd64 (from .../libtiff4_3.9.7-2_amd64.deb) ...
Selecting previously unselected package libgdk-pixbuf2.0-common.
Unpacking libgdk-pixbuf2.0-common (from .../libgdk-pixbuf2.0-common_2.28.2-1_all.deb) ...
Selecting previously unselected package libgdk-pixbuf2.0-0:amd64.
Unpacking libgdk-pixbuf2.0-0:amd64 (from .../libgdk-pixbuf2.0-0_2.28.2-1_amd64.deb) ...
Selecting previously unselected package libgtk2.0-common.
Unpacking libgtk2.0-common (from .../libgtk2.0-common_2.24.20-1_all.deb) ...
Selecting previously unselected package libavahi-common-data:amd64.
Unpacking libavahi-common-data:amd64 (from .../libavahi-common-data_0.6.31-2_amd64.deb) ...
Selecting previously unselected package libavahi-common3:amd64.
Unpacking libavahi-common3:amd64 (from .../libavahi-common3_0.6.31-2_amd64.deb) ...
Selecting previously unselected package libavahi-client3:amd64.
Unpacking libavahi-client3:amd64 (from .../libavahi-client3_0.6.31-2_amd64.deb) ...
Selecting previously unselected package libcups2:amd64.
Unpacking libcups2:amd64 (from .../libcups2_1.6.3-1_amd64.deb) ...
Selecting previously unselected package libthai-data.
Unpacking libthai-data (from .../libthai-data_0.1.19-2_all.deb) ...
Selecting previously unselected package libdatrie1:amd64.
Unpacking libdatrie1:amd64 (from .../libdatrie1_0.2.6-2_amd64.deb) ...
Selecting previously unselected package libthai0:amd64.
Unpacking libthai0:amd64 (from .../libthai0_0.1.19-2_amd64.deb) ...
Selecting previously unselected package fontconfig.
Unpacking fontconfig (from .../fontconfig_2.10.2-2_amd64.deb) ...
Selecting previously unselected package libpango-1.0-0:amd64.
Unpacking libpango-1.0-0:amd64 (from .../libpango-1.0-0_1.32.5-5+b1_amd64.deb) ...
Selecting previously unselected package libgraphite2-3:amd64.
Unpacking libgraphite2-3:amd64 (from .../libgraphite2-3_1.2.3-1_amd64.deb) ...
Selecting previously unselected package libharfbuzz0a:amd64.
Unpacking libharfbuzz0a:amd64 (from .../libharfbuzz0a_0.9.19-1_amd64.deb) ...
Selecting previously unselected package libpangoft2-1.0-0:amd64.
Unpacking libpangoft2-1.0-0:amd64 (from .../libpangoft2-1.0-0_1.32.5-5+b1_amd64.deb) ...
Selecting previously unselected package libpangocairo-1.0-0:amd64.
Unpacking libpangocairo-1.0-0:amd64 (from .../libpangocairo-1.0-0_1.32.5-5+b1_amd64.deb) ...
Selecting previously unselected package libxcomposite1:amd64.
Unpacking libxcomposite1:amd64 (from .../libxcomposite1_1%3a0.4.4-1_amd64.deb) ...
Selecting previously unselected package libxfixes3:amd64.
Unpacking libxfixes3:amd64 (from .../libxfixes3_1%3a5.0.1-1_amd64.deb) ...
Selecting previously unselected package libxcursor1:amd64.
Unpacking libxcursor1:amd64 (from .../libxcursor1_1%3a1.1.14-1_amd64.deb) ...
Selecting previously unselected package libxdamage1:amd64.
Unpacking libxdamage1:amd64 (from .../libxdamage1_1%3a1.1.4-1_amd64.deb) ...
Selecting previously unselected package libxi6:amd64.
Unpacking libxi6:amd64 (from .../libxi6_2%3a1.7.2-1_amd64.deb) ...
Selecting previously unselected package libxinerama1:amd64.
Unpacking libxinerama1:amd64 (from .../libxinerama1_2%3a1.1.3-1_amd64.deb) ...
Selecting previously unselected package libxrandr2:amd64.
Unpacking libxrandr2:amd64 (from .../libxrandr2_2%3a1.4.1-1_amd64.deb) ...
Selecting previously unselected package libgtk2.0-0:amd64.
Unpacking libgtk2.0-0:amd64 (from .../libgtk2.0-0_2.24.20-1_amd64.deb) ...
Selecting previously unselected package openjdk-7-jre-lib.
Unpacking openjdk-7-jre-lib (from .../openjdk-7-jre-lib_7u21-2.3.9-5_all.deb) ...
Selecting previously unselected package libnspr4:amd64.
Unpacking libnspr4:amd64 (from .../libnspr4_2%3a4.10-1_amd64.deb) ...
Selecting previously unselected package libnss3:amd64.
Unpacking libnss3:amd64 (from .../libnss3_2%3a3.15.1-1_amd64.deb) ...
Selecting previously unselected package ca-certificates-java.
Unpacking ca-certificates-java (from .../ca-certificates-java_20130815_all.deb) ...
Selecting previously unselected package tzdata-java.
Unpacking tzdata-java (from .../tzdata-java_2013d-1_all.deb) ...
Selecting previously unselected package java-common.
Unpacking java-common (from .../java-common_0.49_all.deb) ...
Selecting previously unselected package liblcms2-2:amd64.
Unpacking liblcms2-2:amd64 (from .../liblcms2-2_2.2+git20110628-2.2_amd64.deb) ...
Selecting previously unselected package openjdk-7-jre-headless:amd64.
Unpacking openjdk-7-jre-headless:amd64 (from .../openjdk-7-jre-headless_7u21-2.3.9-5_amd64.deb) ...
Selecting previously unselected package libgif4.
Unpacking libgif4 (from .../libgif4_4.1.6-10_amd64.deb) ...
Selecting previously unselected package libxft2:amd64.
Unpacking libxft2:amd64 (from .../libxft2_2.3.1-1_amd64.deb) ...
Selecting previously unselected package libpangoxft-1.0-0:amd64.
Unpacking libpangoxft-1.0-0:amd64 (from .../libpangoxft-1.0-0_1.32.5-5+b1_amd64.deb) ...
Selecting previously unselected package libpangox-1.0-0:amd64.
Unpacking libpangox-1.0-0:amd64 (from .../libpangox-1.0-0_0.0.2-4_amd64.deb) ...
Selecting previously unselected package libpango1.0-0:amd64.
Unpacking libpango1.0-0:amd64 (from .../libpango1.0-0_1.32.5-5+b1_amd64.deb) ...
Selecting previously unselected package x11-common.
Unpacking x11-common (from .../x11-common_1%3a7.7+3_all.deb) ...
Selecting previously unselected package libice6:amd64.
Unpacking libice6:amd64 (from .../libice6_2%3a1.0.8-2_amd64.deb) ...
Selecting previously unselected package libjson-c2:amd64.
Unpacking libjson-c2:amd64 (from .../libjson-c2_0.11-3_amd64.deb) ...
Selecting previously unselected package libsm6:amd64.
Unpacking libsm6:amd64 (from .../libsm6_2%3a1.2.1-2_amd64.deb) ...
Selecting previously unselected package libogg0:amd64.
Unpacking libogg0:amd64 (from .../libogg0_1.3.1-1_amd64.deb) ...
Selecting previously unselected package libflac8:amd64.
Unpacking libflac8:amd64 (from .../libflac8_1.3.0-2_amd64.deb) ...
Selecting previously unselected package libvorbis0a:amd64.
Unpacking libvorbis0a:amd64 (from .../libvorbis0a_1.3.2-1.3_amd64.deb) ...
Selecting previously unselected package libvorbisenc2:amd64.
Unpacking libvorbisenc2:amd64 (from .../libvorbisenc2_1.3.2-1.3_amd64.deb) ...
Selecting previously unselected package libsndfile1:amd64.
Unpacking libsndfile1:amd64 (from .../libsndfile1_1.0.25-7_amd64.deb) ...
Selecting previously unselected package libx11-xcb1:amd64.
Unpacking libx11-xcb1:amd64 (from .../libx11-xcb1_2%3a1.6.1-1_amd64.deb) ...
Selecting previously unselected package libxtst6:amd64.
Unpacking libxtst6:amd64 (from .../libxtst6_2%3a1.2.2-1_amd64.deb) ...
Selecting previously unselected package libpulse0:amd64.
Unpacking libpulse0:amd64 (from .../libpulse0_4.0-6_amd64.deb) ...
Selecting previously unselected package libdrm2:amd64.
Unpacking libdrm2:amd64 (from .../libdrm2_2.4.46-2_amd64.deb) ...
Selecting previously unselected package libglapi-mesa:amd64.
Unpacking libglapi-mesa:amd64 (from .../libglapi-mesa_9.1.6-2_amd64.deb) ...
Selecting previously unselected package libxcb-dri2-0:amd64.
Unpacking libxcb-dri2-0:amd64 (from .../libxcb-dri2-0_1.9.1-3_amd64.deb) ...
Selecting previously unselected package libxcb-glx0:amd64.
Unpacking libxcb-glx0:amd64 (from .../libxcb-glx0_1.9.1-3_amd64.deb) ...
Selecting previously unselected package libxxf86vm1:amd64.
Unpacking libxxf86vm1:amd64 (from .../libxxf86vm1_1%3a1.1.3-1_amd64.deb) ...
Selecting previously unselected package libgl1-mesa-glx:amd64.
Unpacking libgl1-mesa-glx:amd64 (from .../libgl1-mesa-glx_9.1.6-2_amd64.deb) ...
Selecting previously unselected package openjdk-7-jre:amd64.
Unpacking openjdk-7-jre:amd64 (from .../openjdk-7-jre_7u21-2.3.9-5_amd64.deb) ...
Selecting previously unselected package libatk-wrapper-java.
Unpacking libatk-wrapper-java (from .../libatk-wrapper-java_0.30.4-4_all.deb) ...
Selecting previously unselected package libatk-wrapper-java-jni:amd64.
Unpacking libatk-wrapper-java-jni:amd64 (from .../libatk-wrapper-java-jni_0.30.4-4_amd64.deb) ...
Selecting previously unselected package libavahi-glib1:amd64.
Unpacking libavahi-glib1:amd64 (from .../libavahi-glib1_0.6.31-2_amd64.deb) ...
Selecting previously unselected package libbluray1:amd64.
Unpacking libbluray1:amd64 (from .../libbluray1_1%3a0.2.2-1_amd64.deb) ...
Selecting previously unselected package libcairo-gobject2:amd64.
Unpacking libcairo-gobject2:amd64 (from .../libcairo-gobject2_1.12.14-4_amd64.deb) ...
Selecting previously unselected package libtdb1:amd64.
Unpacking libtdb1:amd64 (from .../libtdb1_1.2.12-1_amd64.deb) ...
Selecting previously unselected package libvorbisfile3:amd64.
Unpacking libvorbisfile3:amd64 (from .../libvorbisfile3_1.3.2-1.3_amd64.deb) ...
Selecting previously unselected package libcanberra0:amd64.
Unpacking libcanberra0:amd64 (from .../libcanberra0_0.30-2_amd64.deb) ...
Selecting previously unselected package libck-connector0:amd64.
Unpacking libck-connector0:amd64 (from .../libck-connector0_0.4.5-3.1_amd64.deb) ...
Selecting previously unselected package libcolord1:amd64.
Unpacking libcolord1:amd64 (from .../libcolord1_1.0.2-1_amd64.deb) ...
Selecting previously unselected package libdbus-glib-1-2:amd64.
Unpacking libdbus-glib-1-2:amd64 (from .../libdbus-glib-1-2_0.100.2-1_amd64.deb) ...
Selecting previously unselected package libdconf1:amd64.
Unpacking libdconf1:amd64 (from .../libdconf1_0.16.1-1_amd64.deb) ...
Selecting previously unselected package libpciaccess0:amd64.
Unpacking libpciaccess0:amd64 (from .../libpciaccess0_0.13.2-1_amd64.deb) ...
Selecting previously unselected package libdrm-intel1:amd64.
Unpacking libdrm-intel1:amd64 (from .../libdrm-intel1_2.4.46-2_amd64.deb) ...
Selecting previously unselected package libdrm-nouveau2:amd64.
Unpacking libdrm-nouveau2:amd64 (from .../libdrm-nouveau2_2.4.46-2_amd64.deb) ...
Selecting previously unselected package libdrm-radeon1:amd64.
Unpacking libdrm-radeon1:amd64 (from .../libdrm-radeon1_2.4.46-2_amd64.deb) ...
Selecting previously unselected package libexif12:amd64.
Unpacking libexif12:amd64 (from .../libexif12_0.6.21-1_amd64.deb) ...
Selecting previously unselected package libfontenc1:amd64.
Unpacking libfontenc1:amd64 (from .../libfontenc1_1%3a1.1.2-1_amd64.deb) ...
Preparing to replace libfuse2:amd64 2.9.0-2+deb7u1 (using .../libfuse2_2.9.2-4_amd64.deb) ...
Unpacking replacement libfuse2:amd64 ...
Selecting previously unselected package gconf2-common.
Unpacking gconf2-common (from .../gconf2-common_3.2.6-1_all.deb) ...
Selecting previously unselected package libgconf-2-4:amd64.
Unpacking libgconf-2-4:amd64 (from .../libgconf-2-4_3.2.6-1_amd64.deb) ...
Selecting previously unselected package libvpx1:amd64.
Unpacking libvpx1:amd64 (from .../libvpx1_1.2.0-2_amd64.deb) ...
Selecting previously unselected package libxpm4:amd64.
Unpacking libxpm4:amd64 (from .../libxpm4_1%3a3.5.10-1_amd64.deb) ...
Selecting previously unselected package libgd3:amd64.
Unpacking libgd3:amd64 (from .../libgd3_2.1.0-2_amd64.deb) ...
Selecting previously unselected package libllvm3.2:amd64.
Unpacking libllvm3.2:amd64 (from .../libllvm3.2_1%3a3.2repack-11_amd64.deb) ...
Selecting previously unselected package libgl1-mesa-dri:amd64.
Unpacking libgl1-mesa-dri:amd64 (from .../libgl1-mesa-dri_9.1.6-2_amd64.deb) ...
Selecting previously unselected package libgphoto2-port0:amd64.
Unpacking libgphoto2-port0:amd64 (from .../libgphoto2-port0_2.4.14-2.3_amd64.deb) ...
Selecting previously unselected package libgphoto2-2:amd64.
Unpacking libgphoto2-2:amd64 (from .../libgphoto2-2_2.4.14-2.3_amd64.deb) ...
Selecting previously unselected package dconf-service.
Unpacking dconf-service (from .../dconf-service_0.16.1-1_amd64.deb) ...
Selecting previously unselected package dconf-gsettings-backend:amd64.
Unpacking dconf-gsettings-backend:amd64 (from .../dconf-gsettings-backend_0.16.1-1_amd64.deb) ...
Selecting previously unselected package libgtk-3-common.
Unpacking libgtk-3-common (from .../libgtk-3-common_3.8.4-1_all.deb) ...
Selecting previously unselected package libgtk-3-0:amd64.
Unpacking libgtk-3-0:amd64 (from .../libgtk-3-0_3.8.4-1_amd64.deb) ...
Selecting previously unselected package libgudev-1.0-0:amd64.
Unpacking libgudev-1.0-0:amd64 (from .../libgudev-1.0-0_175-7.2_amd64.deb) ...
Selecting previously unselected package libieee1284-3:amd64.
Unpacking libieee1284-3:amd64 (from .../libieee1284-3_0.2.11-12_amd64.deb) ...
Selecting previously unselected package libidl0.
Unpacking libidl0 (from .../libidl0_0.8.14-0.2_amd64.deb) ...
Selecting previously unselected package liborbit2:amd64.
Unpacking liborbit2:amd64 (from .../liborbit2_1%3a2.14.19-0.2_amd64.deb) ...
Selecting previously unselected package libpolkit-gobject-1-0:amd64.
Unpacking libpolkit-gobject-1-0:amd64 (from .../libpolkit-gobject-1-0_0.105-3_amd64.deb) ...
Selecting previously unselected package libpolkit-agent-1-0:amd64.
Unpacking libpolkit-agent-1-0:amd64 (from .../libpolkit-agent-1-0_0.105-3_amd64.deb) ...
Selecting previously unselected package libpolkit-backend-1-0:amd64.
Unpacking libpolkit-backend-1-0:amd64 (from .../libpolkit-backend-1-0_0.105-3_amd64.deb) ...
Selecting previously unselected package acl.
Unpacking acl (from .../acl_2.2.52-1_amd64.deb) ...
Selecting previously unselected package libsane-common.
Unpacking libsane-common (from .../libsane-common_1.0.23-3_amd64.deb) ...
Selecting previously unselected package libv4lconvert0:amd64.
Unpacking libv4lconvert0:amd64 (from .../libv4lconvert0_1.0.0-1_amd64.deb) ...
Selecting previously unselected package libv4l-0:amd64.
Unpacking libv4l-0:amd64 (from .../libv4l-0_1.0.0-1_amd64.deb) ...
Selecting previously unselected package libsane:amd64.
Unpacking libsane:amd64 (from .../libsane_1.0.23-3_amd64.deb) ...
Selecting previously unselected package libsecret-common.
Unpacking libsecret-common (from .../libsecret-common_0.15-2_all.deb) ...
Selecting previously unselected package libsecret-1-0:amd64.
Unpacking libsecret-1-0:amd64 (from .../libsecret-1-0_0.15-2_amd64.deb) ...
Selecting previously unselected package libtalloc2:amd64.
Unpacking libtalloc2:amd64 (from .../libtalloc2_2.0.8-1_amd64.deb) ...
Selecting previously unselected package libtevent0:amd64.
Unpacking libtevent0:amd64 (from .../libtevent0_0.9.19-1_amd64.deb) ...
Selecting previously unselected package libwbclient0:amd64.
Unpacking libwbclient0:amd64 (from .../libwbclient0_2%3a3.6.18-1_amd64.deb) ...
Selecting previously unselected package libsmbclient:amd64.
Unpacking libsmbclient:amd64 (from .../libsmbclient_2%3a3.6.18-1_amd64.deb) ...
Selecting previously unselected package libudisks2-0:amd64.
Unpacking libudisks2-0:amd64 (from .../libudisks2-0_2.1.1-1_amd64.deb) ...
Selecting previously unselected package libxt6:amd64.
Unpacking libxt6:amd64 (from .../libxt6_1%3a1.1.4-1_amd64.deb) ...
Selecting previously unselected package libxmu6:amd64.
Unpacking libxmu6:amd64 (from .../libxmu6_2%3a1.1.1-1_amd64.deb) ...
Selecting previously unselected package libxaw7:amd64.
Unpacking libxaw7:amd64 (from .../libxaw7_2%3a1.0.11-1_amd64.deb) ...
Selecting previously unselected package libxcb-shape0:amd64.
Unpacking libxcb-shape0:amd64 (from .../libxcb-shape0_1.9.1-3_amd64.deb) ...
Selecting previously unselected package libxv1:amd64.
Unpacking libxv1:amd64 (from .../libxv1_2%3a1.0.9-1_amd64.deb) ...
Selecting previously unselected package libxxf86dga1:amd64.
Unpacking libxxf86dga1:amd64 (from .../libxxf86dga1_2%3a1.1.4-1_amd64.deb) ...
Selecting previously unselected package fuse.
Unpacking fuse (from .../fuse_2.9.2-4_amd64.deb) ...
Processing triggers for man-db ...
Processing triggers for ca-certificates ...
Updating certificates in /etc/ssl/certs... 0 added, 0 removed; done.
Running hooks in /etc/ca-certificates/update.d....done.
Processing triggers for libglib2.0-0:amd64 ...
Setting up libfuse2:amd64 (2.9.2-4) ...
Setting up fuse (2.9.2-4) ...
Creating fuse group...
Adding group `fuse' (GID 107) ...
Done.
update-initramfs: deferring update (trigger activated)
Processing triggers for initramfs-tools ...
update-initramfs: Generating /boot/initrd.img-3.2.0-4-amd64
loadkeys is missing. Please install the 'kbd' package.
Selecting previously unselected package ntfs-3g.
(Reading database ... 38938 files and directories currently installed.)
Unpacking ntfs-3g (from .../ntfs-3g_1%3a2013.1.13AR.1-2_amd64.deb) ...
Selecting previously unselected package libgusb2.
Unpacking libgusb2 (from .../libgusb2_0.1.6-2_amd64.deb) ...
Selecting previously unselected package libcolorhug1:amd64.
Unpacking libcolorhug1:amd64 (from .../libcolorhug1_1.0.2-1_amd64.deb) ...
Selecting previously unselected package libsystemd-login0:amd64.
Unpacking libsystemd-login0:amd64 (from .../libsystemd-login0_44-12+b1_amd64.deb) ...
Selecting previously unselected package libtxc-dxtn-s2tc0:amd64.
Unpacking libtxc-dxtn-s2tc0:amd64 (from .../libtxc-dxtn-s2tc0_0~git20121227-1_amd64.deb) ...
Selecting previously unselected package at-spi2-core.
Unpacking at-spi2-core (from .../at-spi2-core_2.9.5-1_amd64.deb) ...
Selecting previously unselected package init-system-helpers.
Unpacking init-system-helpers (from .../init-system-helpers_1.8_all.deb) ...
Selecting previously unselected package dbus.
Unpacking dbus (from .../dbus_1.6.14-1_amd64.deb) ...
Selecting previously unselected package consolekit.
Unpacking consolekit (from .../consolekit_0.4.5-3.1_amd64.deb) ...
Selecting previously unselected package policykit-1.
Unpacking policykit-1 (from .../policykit-1_0.105-3_amd64.deb) ...
Selecting previously unselected package colord.
Unpacking colord (from .../colord_1.0.2-1_amd64.deb) ...
Selecting previously unselected package dbus-x11.
Unpacking dbus-x11 (from .../dbus-x11_1.6.14-1_amd64.deb) ...
Selecting previously unselected package desktop-file-utils.
Unpacking desktop-file-utils (from .../desktop-file-utils_0.22-1_amd64.deb) ...
Selecting previously unselected package dosfstools.
Unpacking dosfstools (from .../dosfstools_3.0.16-2_amd64.deb) ...
Selecting previously unselected package fonts-dejavu-extra.
Unpacking fonts-dejavu-extra (from .../fonts-dejavu-extra_2.33+svn2514-3_all.deb) ...
Selecting previously unselected package gconf-service.
Unpacking gconf-service (from .../gconf-service_3.2.6-1_amd64.deb) ...
Selecting previously unselected package gconf2.
Unpacking gconf2 (from .../gconf2_3.2.6-1_amd64.deb) ...
Selecting previously unselected package gnome-mime-data.
Unpacking gnome-mime-data (from .../gnome-mime-data_2.18.0-1_all.deb) ...
Selecting previously unselected package x11-utils.
Unpacking x11-utils (from .../x11-utils_7.7+1_amd64.deb) ...
Selecting previously unselected package udisks2.
Unpacking udisks2 (from .../udisks2_2.1.1-1_amd64.deb) ...
Selecting previously unselected package gvfs-common.
Unpacking gvfs-common (from .../gvfs-common_1.16.3-1_all.deb) ...
Selecting previously unselected package gvfs-libs:amd64.
Unpacking gvfs-libs:amd64 (from .../gvfs-libs_1.16.3-1_amd64.deb) ...
Selecting previously unselected package gvfs-daemons.
Unpacking gvfs-daemons (from .../gvfs-daemons_1.16.3-1_amd64.deb) ...
Selecting previously unselected package gvfs:amd64.
Unpacking gvfs:amd64 (from .../gvfs_1.16.3-1_amd64.deb) ...
Selecting previously unselected package hicolor-icon-theme.
Unpacking hicolor-icon-theme (from .../hicolor-icon-theme_0.12-1_all.deb) ...
Selecting previously unselected package libbonobo2-common.
Unpacking libbonobo2-common (from .../libbonobo2-common_2.32.1-1_all.deb) ...
Selecting previously unselected package libbonobo2-0.
Unpacking libbonobo2-0 (from .../libbonobo2-0_2.32.1-1_amd64.deb) ...
Selecting previously unselected package libfam0.
Unpacking libfam0 (from .../libfam0_2.7.0-17_amd64.deb) ...
Selecting previously unselected package libfile-copy-recursive-perl.
Unpacking libfile-copy-recursive-perl (from .../libfile-copy-recursive-perl_0.38-1_all.deb) ...
Selecting previously unselected package libgconf2-4:amd64.
Unpacking libgconf2-4:amd64 (from .../libgconf2-4_3.2.6-1_amd64.deb) ...
Selecting previously unselected package libgnomevfs2-common.
Unpacking libgnomevfs2-common (from .../libgnomevfs2-common_1%3a2.24.4-3_all.deb) ...
Selecting previously unselected package libgnomevfs2-0.
Unpacking libgnomevfs2-0 (from .../libgnomevfs2-0_1%3a2.24.4-3_amd64.deb) ...
Selecting previously unselected package libgnome2-common.
Unpacking libgnome2-common (from .../libgnome2-common_2.32.1-4_all.deb) ...
Selecting previously unselected package libgnome2-0.
Unpacking libgnome2-0 (from .../libgnome2-0_2.32.1-4_amd64.deb) ...
Selecting previously unselected package libgnomevfs2-extra.
Unpacking libgnomevfs2-extra (from .../libgnomevfs2-extra_1%3a2.24.4-3_amd64.deb) ...
Selecting previously unselected package libgphoto2-l10n.
Unpacking libgphoto2-l10n (from .../libgphoto2-l10n_2.4.14-2.3_all.deb) ...
Selecting previously unselected package libgtk-3-bin.
Unpacking libgtk-3-bin (from .../libgtk-3-bin_3.8.4-1_amd64.deb) ...
Adding 'diversion of /usr/sbin/update-icon-caches to /usr/sbin/update-icon-caches.gtk2 by libgtk-3-bin'
Adding 'diversion of /usr/share/man/man8/update-icon-caches.8.gz to /usr/share/man/man8/update-icon-caches.gtk2.8.gz by libgtk-3-bin'
Selecting previously unselected package libgtk2.0-bin.
Unpacking libgtk2.0-bin (from .../libgtk2.0-bin_2.24.20-1_amd64.deb) ...
Selecting previously unselected package libpam-ck-connector:amd64.
Unpacking libpam-ck-connector:amd64 (from .../libpam-ck-connector_0.4.5-3.1_amd64.deb) ...
Selecting previously unselected package libsane-extras-common.
Unpacking libsane-extras-common (from .../libsane-extras-common_1.0.22.3_amd64.deb) ...
Selecting previously unselected package libsane-extras:amd64.
Unpacking libsane-extras:amd64 (from .../libsane-extras_1.0.22.3_amd64.deb) ...
Selecting previously unselected package policykit-1-gnome.
Unpacking policykit-1-gnome (from .../policykit-1-gnome_0.105-2_amd64.deb) ...
Selecting previously unselected package update-inetd.
Unpacking update-inetd (from .../update-inetd_4.43_all.deb) ...
Selecting previously unselected package sane-utils.
Unpacking sane-utils (from .../sane-utils_1.0.23-3_amd64.deb) ...
Selecting previously unselected package ttf-dejavu-extra.
Unpacking ttf-dejavu-extra (from .../ttf-dejavu-extra_2.33+svn2514-3_all.deb) ...
Selecting previously unselected package icedtea-7-jre-jamvm:amd64.
Unpacking icedtea-7-jre-jamvm:amd64 (from .../icedtea-7-jre-jamvm_7u21-2.3.9-5_amd64.deb) ...
Processing triggers for initramfs-tools ...
update-initramfs: Generating /boot/initrd.img-3.2.0-4-amd64
loadkeys is missing. Please install the 'kbd' package.
Processing triggers for man-db ...
Processing triggers for libglib2.0-0:amd64 ...
Setting up libaacs0:amd64 (0.6.0-2) ...
Setting up libasyncns0:amd64 (0.8-4) ...
Setting up libatasmart4:amd64 (0.19-2) ...
Setting up libatk1.0-data (2.8.0-2) ...
Setting up libatk1.0-0:amd64 (2.8.0-2) ...
Setting up libdbus-1-3:amd64 (1.6.14-1) ...
Setting up libx11-6:amd64 (2:1.6.1-1) ...
Setting up libatspi2.0-0:amd64 (2.9.5-1) ...
Setting up libatk-bridge2.0-0:amd64 (2.9.5-1) ...
Setting up fonts-dejavu-core (2.33+svn2514-3) ...
Setting up ttf-dejavu-core (2.33+svn2514-3) ...
Setting up fontconfig-config (2.10.2-2) ...
Setting up libfontconfig1:amd64 (2.10.2-2) ...
Setting up libpixman-1-0:amd64 (0.30.2-1) ...
Setting up libpng12-0:amd64 (1.2.49-4) ...
Setting up libxcb-render0:amd64 (1.9.1-3) ...
Setting up libxcb-shm0:amd64 (1.9.1-3) ...
Setting up libxrender1:amd64 (1:0.9.8-1) ...
Setting up libcairo2:amd64 (1.12.14-4) ...
Setting up libjpeg8:amd64 (8d-1) ...
Setting up libjasper1:amd64 (1.900.1-14) ...
Setting up libjbig0:amd64 (2.0-2) ...
Setting up libtiff4:amd64 (3.9.7-2) ...
Setting up libgdk-pixbuf2.0-common (2.28.2-1) ...
Setting up libgdk-pixbuf2.0-0:amd64 (2.28.2-1) ...
Setting up libgtk2.0-common (2.24.20-1) ...
Setting up libavahi-common-data:amd64 (0.6.31-2) ...
Setting up libavahi-common3:amd64 (0.6.31-2) ...
Setting up libavahi-client3:amd64 (0.6.31-2) ...
Setting up libcups2:amd64 (1.6.3-1) ...
Setting up libthai-data (0.1.19-2) ...
Setting up libdatrie1:amd64 (0.2.6-2) ...
Setting up libthai0:amd64 (0.1.19-2) ...
Setting up fontconfig (2.10.2-2) ...
Regenerating fonts cache... done.
Setting up libpango-1.0-0:amd64 (1.32.5-5+b1) ...
Setting up libgraphite2-3:amd64 (1.2.3-1) ...
Setting up libharfbuzz0a:amd64 (0.9.19-1) ...
Setting up libpangoft2-1.0-0:amd64 (1.32.5-5+b1) ...
Setting up libpangocairo-1.0-0:amd64 (1.32.5-5+b1) ...
Setting up libxcomposite1:amd64 (1:0.4.4-1) ...
Setting up libxfixes3:amd64 (1:5.0.1-1) ...
Setting up libxcursor1:amd64 (1:1.1.14-1) ...
Setting up libxdamage1:amd64 (1:1.1.4-1) ...
Setting up libxi6:amd64 (2:1.7.2-1) ...
Setting up libxinerama1:amd64 (2:1.1.3-1) ...
Setting up libxrandr2:amd64 (2:1.4.1-1) ...
Setting up libgtk2.0-0:amd64 (2.24.20-1) ...
Setting up libnspr4:amd64 (2:4.10-1) ...
Setting up libnss3:amd64 (2:3.15.1-1) ...
Setting up tzdata-java (2013d-1) ...
Setting up java-common (0.49) ...
Setting up liblcms2-2:amd64 (2.2+git20110628-2.2) ...
Setting up libgif4 (4.1.6-10) ...
Setting up libxft2:amd64 (2.3.1-1) ...
Setting up libpangoxft-1.0-0:amd64 (1.32.5-5+b1) ...
Setting up libpangox-1.0-0:amd64 (0.0.2-4) ...
Setting up libpango1.0-0:amd64 (1.32.5-5+b1) ...
Setting up x11-common (1:7.7+3) ...
Setting up X socket directories... /tmp/.X11-unix /tmp/.ICE-unix.
Setting up libice6:amd64 (2:1.0.8-2) ...
Setting up libjson-c2:amd64 (0.11-3) ...
Setting up libsm6:amd64 (2:1.2.1-2) ...
Setting up libogg0:amd64 (1.3.1-1) ...
Setting up libflac8:amd64 (1.3.0-2) ...
Setting up libvorbis0a:amd64 (1.3.2-1.3) ...
Setting up libvorbisenc2:amd64 (1.3.2-1.3) ...
Setting up libsndfile1:amd64 (1.0.25-7) ...
Setting up libx11-xcb1:amd64 (2:1.6.1-1) ...
Setting up libxtst6:amd64 (2:1.2.2-1) ...
Setting up libpulse0:amd64 (4.0-6) ...
Setting up libdrm2:amd64 (2.4.46-2) ...
Setting up libglapi-mesa:amd64 (9.1.6-2) ...
Setting up libxcb-dri2-0:amd64 (1.9.1-3) ...
Setting up libxcb-glx0:amd64 (1.9.1-3) ...
Setting up libxxf86vm1:amd64 (1:1.1.3-1) ...
Setting up libgl1-mesa-glx:amd64 (9.1.6-2) ...
Setting up libavahi-glib1:amd64 (0.6.31-2) ...
Setting up libbluray1:amd64 (1:0.2.2-1) ...
Setting up libcairo-gobject2:amd64 (1.12.14-4) ...
Setting up libtdb1:amd64 (1.2.12-1) ...
Setting up libvorbisfile3:amd64 (1.3.2-1.3) ...
Setting up libcanberra0:amd64 (0.30-2) ...
Setting up libck-connector0:amd64 (0.4.5-3.1) ...
Setting up libcolord1:amd64 (1.0.2-1) ...
Setting up libdbus-glib-1-2:amd64 (0.100.2-1) ...
Setting up libdconf1:amd64 (0.16.1-1) ...
Setting up libpciaccess0:amd64 (0.13.2-1) ...
Setting up libdrm-intel1:amd64 (2.4.46-2) ...
Setting up libdrm-nouveau2:amd64 (2.4.46-2) ...
Setting up libdrm-radeon1:amd64 (2.4.46-2) ...
Setting up libexif12:amd64 (0.6.21-1) ...
Setting up libfontenc1:amd64 (1:1.1.2-1) ...
Setting up gconf2-common (3.2.6-1) ...

Creating config file /etc/gconf/2/path with new version
Setting up libgconf-2-4:amd64 (3.2.6-1) ...
Setting up libvpx1:amd64 (1.2.0-2) ...
Setting up libxpm4:amd64 (1:3.5.10-1) ...
Setting up libgd3:amd64 (2.1.0-2) ...
Setting up libllvm3.2:amd64 (1:3.2repack-11) ...
Setting up libgl1-mesa-dri:amd64 (9.1.6-2) ...
Setting up libgphoto2-port0:amd64 (2.4.14-2.3) ...
Setting up libgphoto2-2:amd64 (2.4.14-2.3) ...
Setting up dconf-service (0.16.1-1) ...
Setting up dconf-gsettings-backend:amd64 (0.16.1-1) ...
Setting up libgtk-3-common (3.8.4-1) ...
Setting up libgtk-3-0:amd64 (3.8.4-1) ...
Setting up libgudev-1.0-0:amd64 (175-7.2) ...
Setting up libieee1284-3:amd64 (0.2.11-12) ...
Setting up libidl0 (0.8.14-0.2) ...
Setting up liborbit2:amd64 (1:2.14.19-0.2) ...
Setting up libpolkit-gobject-1-0:amd64 (0.105-3) ...
Setting up libpolkit-agent-1-0:amd64 (0.105-3) ...
Setting up libpolkit-backend-1-0:amd64 (0.105-3) ...
Setting up acl (2.2.52-1) ...
Setting up libsane-common (1.0.23-3) ...
Setting up libv4lconvert0:amd64 (1.0.0-1) ...
Setting up libv4l-0:amd64 (1.0.0-1) ...
Setting up libsane:amd64 (1.0.23-3) ...
Adding scanner group...
Setting up libsecret-common (0.15-2) ...
Setting up libsecret-1-0:amd64 (0.15-2) ...
Setting up libtalloc2:amd64 (2.0.8-1) ...
Setting up libtevent0:amd64 (0.9.19-1) ...
Setting up libwbclient0:amd64 (2:3.6.18-1) ...
Setting up libsmbclient:amd64 (2:3.6.18-1) ...
Setting up libudisks2-0:amd64 (2.1.1-1) ...
Setting up libxt6:amd64 (1:1.1.4-1) ...
Setting up libxmu6:amd64 (2:1.1.1-1) ...
Setting up libxaw7:amd64 (2:1.0.11-1) ...
Setting up libxcb-shape0:amd64 (1.9.1-3) ...
Setting up libxv1:amd64 (2:1.0.9-1) ...
Setting up libxxf86dga1:amd64 (2:1.1.4-1) ...
Setting up ntfs-3g (1:2013.1.13AR.1-2) ...
update-initramfs: deferring update (trigger activated)
Setting up libgusb2 (0.1.6-2) ...
Setting up libcolorhug1:amd64 (1.0.2-1) ...
Setting up libsystemd-login0:amd64 (44-12+b1) ...
Setting up libtxc-dxtn-s2tc0:amd64 (0~git20121227-1) ...
update-alternatives: using /usr/lib/x86_64-linux-gnu/libtxc_dxtn_s2tc.so.0 to provide /usr/lib/x86_64-linux-gnu/libtxc_dxtn.so (libtxc-dxtn-x86_64-linux-gnu) in auto mode
Setting up at-spi2-core (2.9.5-1) ...
Setting up init-system-helpers (1.8) ...
Setting up dbus (1.6.14-1) ...
Starting system message bus: dbus.
Setting up consolekit (0.4.5-3.1) ...
Setting up policykit-1 (0.105-3) ...
Setting up colord (1.0.2-1) ...
adduser: Warning: The home directory `/var/lib/colord' does not belong to the user you are currently creating.
Setting up dbus-x11 (1.6.14-1) ...
Setting up desktop-file-utils (0.22-1) ...
Setting up dosfstools (3.0.16-2) ...
Setting up fonts-dejavu-extra (2.33+svn2514-3) ...
Setting up gconf-service (3.2.6-1) ...
Setting up gconf2 (3.2.6-1) ...
update-alternatives: using /usr/bin/gconftool-2 to provide /usr/bin/gconftool (gconftool) in auto mode

(gconftool-2:16570): GConf-WARNING **: Client failed to connect to the D-BUS daemon:
Unable to autolaunch a dbus-daemon without a $DISPLAY for X11
Setting up gnome-mime-data (2.18.0-1) ...
Setting up x11-utils (7.7+1) ...
Setting up udisks2 (2.1.1-1) ...
Setting up gvfs-common (1.16.3-1) ...
Setting up gvfs-libs:amd64 (1.16.3-1) ...
Setting up gvfs-daemons (1.16.3-1) ...
Setting up gvfs:amd64 (1.16.3-1) ...
Setting up hicolor-icon-theme (0.12-1) ...
Setting up libbonobo2-common (2.32.1-1) ...
Setting up libbonobo2-0 (2.32.1-1) ...
Setting up libfam0 (2.7.0-17) ...
Setting up libfile-copy-recursive-perl (0.38-1) ...
Setting up libgconf2-4:amd64 (3.2.6-1) ...
Setting up libgnomevfs2-common (1:2.24.4-3) ...
Setting up libgnomevfs2-0 (1:2.24.4-3) ...
Setting up libgnome2-common (2.32.1-4) ...
Setting up libgnome2-0 (2.32.1-4) ...
Setting up libgnomevfs2-extra (1:2.24.4-3) ...
Setting up libgphoto2-l10n (2.4.14-2.3) ...
Setting up libgtk-3-bin (3.8.4-1) ...
Setting up libgtk2.0-bin (2.24.20-1) ...
Setting up libpam-ck-connector:amd64 (0.4.5-3.1) ...
Setting up libsane-extras-common (1.0.22.3) ...
Setting up libsane-extras:amd64 (1.0.22.3) ...
Setting up policykit-1-gnome (0.105-2) ...
Setting up update-inetd (4.43) ...
Setting up sane-utils (1.0.23-3) ...
Adding saned group and user...
Adding user saned to group scanner
saned disabled; edit /etc/default/saned
Setting up ttf-dejavu-extra (2.33+svn2514-3) ...
Setting up openjdk-7-jre-headless:amd64 (7u21-2.3.9-5) ...
update-alternatives: using /usr/lib/jvm/java-7-openjdk-amd64/jre/bin/java to provide /usr/bin/java (java) in auto mode
update-alternatives: using /usr/lib/jvm/java-7-openjdk-amd64/jre/bin/keytool to provide /usr/bin/keytool (keytool) in auto mode
update-alternatives: using /usr/lib/jvm/java-7-openjdk-amd64/jre/bin/pack200 to provide /usr/bin/pack200 (pack200) in auto mode
update-alternatives: using /usr/lib/jvm/java-7-openjdk-amd64/jre/bin/rmid to provide /usr/bin/rmid (rmid) in auto mode
update-alternatives: using /usr/lib/jvm/java-7-openjdk-amd64/jre/bin/rmiregistry to provide /usr/bin/rmiregistry (rmiregistry) in auto mode
update-alternatives: using /usr/lib/jvm/java-7-openjdk-amd64/jre/bin/unpack200 to provide /usr/bin/unpack200 (unpack200) in auto mode
update-alternatives: using /usr/lib/jvm/java-7-openjdk-amd64/jre/bin/orbd to provide /usr/bin/orbd (orbd) in auto mode
update-alternatives: using /usr/lib/jvm/java-7-openjdk-amd64/jre/bin/servertool to provide /usr/bin/servertool (servertool) in auto mode
update-alternatives: using /usr/lib/jvm/java-7-openjdk-amd64/jre/bin/tnameserv to provide /usr/bin/tnameserv (tnameserv) in auto mode
update-alternatives: using /usr/lib/jvm/java-7-openjdk-amd64/jre/lib/jexec to provide /usr/bin/jexec (jexec) in auto mode
Setting up ca-certificates-java (20130815) ...
Adding debian:Equifax_Secure_Global_eBusiness_CA.pem
Adding debian:AffirmTrust_Premium_ECC.pem
Adding debian:ca.pem
Adding debian:Hellenic_Academic_and_Research_Institutions_RootCA_2011.pem
Adding debian:Verisign_Class_3_Public_Primary_Certification_Authority_-_G3.pem
Adding debian:SwissSign_Platinum_CA_-_G2.pem
Adding debian:ApplicationCA_-_Japanese_Government.pem
Adding debian:GlobalSign_Root_CA_-_R3.pem
Adding debian:Certum_Trusted_Network_CA.pem
Adding debian:XRamp_Global_CA_Root.pem
Adding debian:AffirmTrust_Commercial.pem
Adding debian:Visa_eCommerce_Root.pem
Adding debian:certSIGN_ROOT_CA.pem
Adding debian:Verisign_Class_2_Public_Primary_Certification_Authority_-_G3.pem
Adding debian:AddTrust_Qualified_Certificates_Root.pem
Adding debian:Equifax_Secure_eBusiness_CA_2.pem
Adding debian:DigiCert_Global_Root_CA.pem
Adding debian:Trustis_FPS_Root_CA.pem
Adding debian:EBG_Elektronik_Sertifika_Hizmet_Salaycs.pem
Adding debian:spi-cacert-2008.pem
Adding debian:Comodo_AAA_Services_root.pem
Adding debian:EC-ACC.pem
Adding debian:Verisign_Class_3_Public_Primary_Certification_Authority_-_G2.pem
Adding debian:Go_Daddy_Class_2_CA.pem
Adding debian:QuoVadis_Root_CA_3.pem
Adding debian:GeoTrust_Primary_Certification_Authority_-_G2.pem
Adding debian:T-TeleSec_GlobalRoot_Class_3.pem
Adding debian:A-Trust-nQual-03.pem
Adding debian:cacert.org.pem
Adding debian:Verisign_Class_1_Public_Primary_Certification_Authority_-_G3.pem
Adding debian:Digital_Signature_Trust_Co._Global_CA_1.pem
Adding debian:ssl-cert-snakeoil.pem
Adding debian:UTN_USERFirst_Hardware_Root_CA.pem
Adding debian:WellsSecure_Public_Root_Certificate_Authority.pem
Adding debian:Chambers_of_Commerce_Root_-_2008.pem
Adding debian:GlobalSign_Root_CA_-_R2.pem
Adding debian:NetLock_Qualified_=Class_QA=_Root.pem
Adding debian:Verisign_Class_4_Public_Primary_Certification_Authority_-_G3.pem
Adding debian:AffirmTrust_Networking.pem
Adding debian:AddTrust_Public_Services_Root.pem
Adding debian:Starfield_Services_Root_Certificate_Authority_-_G2.pem
Adding debian:spi-ca-2003.pem
Adding debian:COMODO_Certification_Authority.pem
Adding debian:S-TRUST_Authentication_and_Encryption_Root_CA_2005_PN.pem
Adding debian:Staat_der_Nederlanden_Root_CA.pem
Adding debian:Swisscom_Root_CA_1.pem
Adding debian:TWCA_Root_Certification_Authority.pem
Adding debian:AC_Raz_Certicmara_S.A..pem
Adding debian:Verisign_Class_1_Public_Primary_Certification_Authority_-_G2.pem
Adding debian:America_Online_Root_Certification_Authority_1.pem
Adding debian:TURKTRUST_Certificate_Services_Provider_Root_2.pem
Adding debian:ACEDICOM_Root.pem
Adding debian:GlobalSign_Root_CA.pem
Adding debian:SecureTrust_CA.pem
Adding debian:SwissSign_Gold_CA_-_G2.pem
Adding debian:thawte_Primary_Root_CA_-_G2.pem
Adding debian:America_Online_Root_Certification_Authority_2.pem
Adding debian:SwissSign_Silver_CA_-_G2.pem
Adding debian:ePKI_Root_Certification_Authority.pem
Adding debian:StartCom_Certification_Authority_G2.pem
Adding debian:Microsec_e-Szigno_Root_CA.pem
Adding debian:Buypass_Class_3_Root_CA.pem
Adding debian:TURKTRUST_Certificate_Services_Provider_Root_1.pem
Adding debian:Microsec_e-Szigno_Root_CA_2009.pem
Adding debian:Certinomis_-_Autorit_Racine.pem
Adding debian:Thawte_Premium_Server_CA.pem
Adding debian:EE_Certification_Centre_Root_CA.pem
Adding debian:Security_Communication_Root_CA.pem
Adding debian:Certplus_Class_2_Primary_CA.pem
Adding debian:Global_Chambersign_Root_-_2008.pem
Adding debian:Security_Communication_EV_RootCA1.pem
Adding debian:IGC_A.pem
Adding debian:QuoVadis_Root_CA_2.pem
Adding debian:Certigna.pem
Adding debian:Buypass_Class_3_CA_1.pem
Adding debian:GeoTrust_Primary_Certification_Authority.pem
Adding debian:SecureSign_RootCA11.pem
Adding debian:DigiCert_High_Assurance_EV_Root_CA.pem
Adding debian:Security_Communication_RootCA2.pem
Adding debian:Actalis_Authentication_Root_CA.pem
Adding debian:Network_Solutions_Certificate_Authority.pem
Adding debian:NetLock_Business_=Class_B=_Root.pem
Adding debian:TC_TrustCenter_Universal_CA_III.pem
Adding debian:Sonera_Class_2_Root_CA.pem
Adding debian:Go_Daddy_Root_Certificate_Authority_-_G2.pem
Adding debian:Thawte_Server_CA.pem
Adding debian:Wells_Fargo_Root_CA.pem
Adding debian:Comodo_Secure_Services_root.pem
Adding debian:QuoVadis_Root_CA.pem
Adding debian:RSA_Security_2048_v3.pem
Adding debian:Izenpe.com.pem
Adding debian:Firmaprofesional_Root_CA.pem
Adding debian:NetLock_Notary_=Class_A=_Root.pem
Adding debian:AffirmTrust_Premium.pem
Adding debian:NetLock_Express_=Class_C=_Root.pem
Adding debian:TDC_Internet_Root_CA.pem
Adding debian:Digital_Signature_Trust_Co._Global_CA_3.pem
Adding debian:ValiCert_Class_2_VA.pem
Adding debian:Sonera_Class_1_Root_CA.pem
Adding debian:TC_TrustCenter_Class_3_CA_II.pem
Adding debian:Entrust.net_Premium_2048_Secure_Server_CA.pem
Adding debian:TC_TrustCenter_Universal_CA_I.pem
Adding debian:Cybertrust_Global_Root.pem
Adding debian:Equifax_Secure_CA.pem
Adding debian:DST_Root_CA_X3.pem
Adding debian:nulpunt.argure.nl.pem
Adding debian:Juur-SK.pem
Adding debian:Deutsche_Telekom_Root_CA_2.pem
Adding debian:sub.class2.server.sha2.ca.pem
Adding debian:Entrust_Root_Certification_Authority.pem
Adding debian:GeoTrust_Global_CA.pem
Adding debian:thawte_Primary_Root_CA_-_G3.pem
Adding debian:thawte_Primary_Root_CA.pem
Adding debian:CNNIC_ROOT.pem
Adding debian:Verisign_Class_2_Public_Primary_Certification_Authority_-_G2.pem
Adding debian:Root_CA_Generalitat_Valenciana.pem
Adding debian:UTN_DATACorp_SGC_Root_CA.pem
Adding debian:Autoridad_de_Certificacion_Firmaprofesional_CIF_A62634068.pem
Adding debian:AddTrust_External_Root.pem
Adding debian:Verisign_Class_1_Public_Primary_Certification_Authority.pem
Adding debian:GTE_CyberTrust_Global_Root.pem
Adding debian:Camerfirma_Global_Chambersign_Root.pem
Adding debian:COMODO_ECC_Certification_Authority.pem
Adding debian:E-Guven_Kok_Elektronik_Sertifika_Hizmet_Saglayicisi.pem
Adding debian:Buypass_Class_2_Root_CA.pem
Adding debian:Verisign_Class_3_Public_Primary_Certification_Authority.pem
Adding debian:DST_ACES_CA_X6.pem
Adding debian:Starfield_Root_Certificate_Authority_-_G2.pem
Adding debian:ComSign_Secured_CA.pem
Adding debian:TC_TrustCenter_Class_2_CA_II.pem
Adding debian:GeoTrust_Universal_CA.pem
Adding debian:Secure_Global_CA.pem
Adding debian:GeoTrust_Primary_Certification_Authority_-_G3.pem
Adding debian:Equifax_Secure_eBusiness_CA_1.pem
Adding debian:GeoTrust_Universal_CA_2.pem
Adding debian:StartCom_Certification_Authority.pem
Adding debian:Starfield_Class_2_CA.pem
Adding debian:GeoTrust_Global_CA_2.pem
Adding debian:Taiwan_GRCA.pem
Adding debian:Camerfirma_Chambers_of_Commerce_Root.pem
Adding debian:Staat_der_Nederlanden_Root_CA_-_G2.pem
Adding debian:TDC_OCES_Root_CA.pem
Adding debian:Buypass_Class_2_CA_1.pem
Adding debian:NetLock_Arany_=Class_Gold=_Ftanstvny.pem
Adding debian:OISTE_WISeKey_Global_Root_GA_CA.pem
Adding debian:Certum_Root_CA.pem
Adding debian:CA_Disig.pem
Adding debian:RSA_Root_Certificate_1.pem
Adding debian:Comodo_Trusted_Services_root.pem
Adding debian:ValiCert_Class_1_VA.pem
Adding debian:Hongkong_Post_Root_CA_1.pem
Adding debian:VeriSign_Class_3_Public_Primary_Certification_Authority_-_G4.pem
Adding debian:Baltimore_CyberTrust_Root.pem
Adding debian:VeriSign_Class_3_Public_Primary_Certification_Authority_-_G5.pem
Adding debian:AddTrust_Low-Value_Services_Root.pem
Adding debian:ComSign_CA.pem
Adding debian:DigiCert_Assured_ID_Root_CA.pem
Adding debian:UTN_USERFirst_Email_Root_CA.pem
Adding debian:Entrust.net_Secure_Server_CA.pem
Adding debian:VeriSign_Universal_Root_Certification_Authority.pem
Adding debian:TBTAK_UEKAE_Kk_Sertifika_Hizmet_Salaycs_-_Srm_3.pem
done.
Setting up openjdk-7-jre:amd64 (7u21-2.3.9-5) ...
update-alternatives: using /usr/lib/jvm/java-7-openjdk-amd64/jre/bin/policytool to provide /usr/bin/policytool (policytool) in auto mode
Setting up libatk-wrapper-java (0.30.4-4) ...
Setting up icedtea-7-jre-jamvm:amd64 (7u21-2.3.9-5) ...
Setting up openjdk-7-jre-lib (7u21-2.3.9-5) ...
Setting up libatk-wrapper-java-jni:amd64 (0.30.4-4) ...
Processing triggers for initramfs-tools ...
update-initramfs: Generating /boot/initrd.img-3.2.0-4-amd64
loadkeys is missing. Please install the 'kbd' package.
Processing triggers for ca-certificates ...
Updating certificates in /etc/ssl/certs... 0 added, 0 removed; done.
Running hooks in /etc/ca-certificates/update.d....
done.
done.
                                         
Current status: 219 updates [-3].

root@edi:~# aptitude remove --purge openjdk-7-jre 
The following packages will be REMOVED:  
  openjdk-7-jre 
0 packages upgraded, 0 newly installed, 1 to remove and 10 not upgraded.
Need to get 0 B of archives. After unpacking 707 kB will be freed.
The following packages have unmet dependencies:
 libatk-wrapper-java : Depends: default-jre but it is not going to be installed. or
                                java2-runtime which is a virtual package.
 libatk-wrapper-java-jni : Depends: default-jre but it is not going to be installed. or
                                    java2-runtime which is a virtual package.
The following actions will resolve these dependencies:

     Remove the following packages:
1)     libatk-wrapper-java         
2)     libatk-wrapper-java-jni     



Accept this solution? [Y/n/q/?] y
The following packages will be REMOVED:
  libatk-wrapper-java{a} libatk-wrapper-java-jni{a} openjdk-7-jre 
0 packages upgraded, 0 newly installed, 3 to remove and 10 not upgraded.
Need to get 0 B of archives. After unpacking 908 kB will be freed.
Do you want to continue? [Y/n/?] y
(Reading database ... 40837 files and directories currently installed.)
Removing libatk-wrapper-java-jni:amd64 ...
Removing libatk-wrapper-java ...
Removing openjdk-7-jre:amd64 ...
Processing triggers for desktop-file-utils ...
Processing triggers for hicolor-icon-theme ...
                                         
Current status: 10 updates [-1].

root@edi:~# aptitude autoclean
Del libitm1 4.8.1-2 [37.7 kB]            
Del gcc-4.8-base 4.8.1-2 [149 kB]
Del libgomp1 4.8.1-2 [27.4 kB]
Del libstdc++6 4.8.1-2 [336 kB]
Del libquadmath0 4.8.1-2 [139 kB]
Del libgcc1 1:4.8.1-2 [43.7 kB]
Freed 733 kB of disk space

root@edi:~# aptitude -t testing remove  acl at-spi2-core ca-certificates-java colord consolekit dbus dbus-x11  dconf-gsettings-backend dconf-service desktop-file-utils dosfstools fontconfig  fontconfig-config fonts-dejavu-core fonts-dejavu-extra fuse gconf-service gconf2  gconf2-common gnome-mime-data gvfs gvfs-common gvfs-daemons gvfs-libs  hicolor-icon-theme icedtea-7-jre-jamvm init-system-helpers java-common libaacs0  libasyncns0 libatasmart4 libatk-bridge2.0-0 libatk-wrapper-java  libatk-wrapper-java-jni libatk1.0-0 libatk1.0-data libatspi2.0-0 libavahi-client3  libavahi-common-data libavahi-common3 libavahi-glib1 libbluray1 libbonobo2-0  libbonobo2-common libcairo-gobject2 libcairo2 libcanberra0 libck-connector0  libcolord1 libcolorhug1 libcups2 libdatrie1 libdbus-1-3 libdbus-glib-1-2  libdconf1 libdrm-intel1 libdrm-nouveau2 libdrm-radeon1 libdrm2 libexif12  libfam0 libfile-copy-recursive-perl libflac8 libfontconfig1 libfontenc1  libgconf-2-4 libgconf2-4 libgd3 libgdk-pixbuf2.0-0 libgdk-pixbuf2.0-common  libgif4 libgl1-mesa-dri libgl1-mesa-glx libglapi-mesa libgnome2-0  libgnome2-common libgnomevfs2-0 libgnomevfs2-common libgnomevfs2-extra libgphoto2-2  libgphoto2-l10n libgphoto2-port0 libgraphite2-3 libgtk-3-0 libgtk-3-bin  libgtk-3-common libgtk2.0-0 libgtk2.0-bin libgtk2.0-common libgudev-1.0-0  libgusb2 libharfbuzz0a libice6 libidl0 libieee1284-3 libjasper1 libjbig0  libjpeg8 libjson-c2 liblcms2-2 libllvm3.2 libnspr4 libnss3 libogg0  liborbit2 libpam-ck-connector libpango-1.0-0 libpango1.0-0 libpangocairo-1.0-0  libpangoft2-1.0-0 libpangox-1.0-0 libpangoxft-1.0-0 libpciaccess0 libpixman-1-0  libpng12-0 libpolkit-agent-1-0 libpolkit-backend-1-0 libpolkit-gobject-1-0  libpulse0 libsane libsane-common libsane-extras libsane-extras-common  libsecret-1-0 libsecret-common libsm6 libsmbclient libsndfile1 libsystemd-login0  libtalloc2 libtdb1 libtevent0 libthai-data libthai0 libtiff4  libtxc-dxtn-s2tc0 libudisks2-0 libv4l-0 libv4lconvert0 libvorbis0a  libvorbisenc2 libvorbisfile3 libvpx1 libwbclient0 libx11-xcb1 libxaw7  libxcb-dri2-0 libxcb-glx0 libxcb-render0 libxcb-shape0 libxcb-shm0  libxcomposite1 libxcursor1 libxdamage1 libxfixes3 libxft2 libxi6  libxinerama1 libxmu6 libxpm4 libxrandr2 libxrender1 libxt6 libxtst6  libxv1 libxxf86dga1 libxxf86vm1 ntfs-3g openjdk-7-jre openjdk-7-jre-headless  openjdk-7-jre-lib policykit-1 policykit-1-gnome sane-utils ttf-dejavu-core  ttf-dejavu-extra tzdata-java udisks2 update-inetd x11-common x11-utils 
The following packages will be REMOVED:  
  acl at-spi2-core ca-certificates-java colord consolekit dbus dbus-x11 dconf-gsettings-backend 
  dconf-service desktop-file-utils dosfstools fontconfig fontconfig-config fonts-dejavu-core 
  fonts-dejavu-extra fuse gconf-service gconf2 gconf2-common gnome-mime-data gvfs gvfs-common 
  gvfs-daemons gvfs-libs hicolor-icon-theme icedtea-7-jre-jamvm init-system-helpers java-common 
  libaacs0 libasyncns0 libatasmart4 libatk-bridge2.0-0 libatk1.0-0 libatk1.0-data libatspi2.0-0 
  libavahi-client3 libavahi-common-data libavahi-common3 libavahi-glib1 libbluray1 libbonobo2-0 
  libbonobo2-common libcairo-gobject2 libcairo2 libcanberra0 libck-connector0 libcolord1 
  libcolorhug1 libcups2 libdatrie1 libdbus-1-3 libdbus-glib-1-2 libdconf1 libdrm-intel1 
  libdrm-nouveau2 libdrm-radeon1 libdrm2 libexif12 libfam0 libfile-copy-recursive-perl libflac8 
  libfontconfig1 libfontenc1 libgconf-2-4 libgconf2-4 libgd3 libgdk-pixbuf2.0-0 
  libgdk-pixbuf2.0-common libgif4 libgl1-mesa-dri libgl1-mesa-glx libglapi-mesa libgnome2-0 
  libgnome2-common libgnomevfs2-0 libgnomevfs2-common libgnomevfs2-extra libgphoto2-2 
  libgphoto2-l10n libgphoto2-port0 libgraphite2-3 libgtk-3-0 libgtk-3-bin libgtk-3-common 
  libgtk2.0-0 libgtk2.0-bin libgtk2.0-common libgudev-1.0-0 libgusb2 libharfbuzz0a libice6 libidl0 
  libieee1284-3 libjasper1 libjbig0 libjpeg8 libjson-c2 liblcms2-2 libllvm3.2 libnspr4 libnss3 
  libogg0 liborbit2 libpam-ck-connector libpango-1.0-0 libpango1.0-0 libpangocairo-1.0-0 
  libpangoft2-1.0-0 libpangox-1.0-0 libpangoxft-1.0-0 libpciaccess0 libpixman-1-0 libpng12-0 
  libpolkit-agent-1-0 libpolkit-backend-1-0 libpolkit-gobject-1-0 libpulse0 libsane libsane-common 
  libsane-extras libsane-extras-common libsecret-1-0 libsecret-common libsm6 libsmbclient 
  libsndfile1 libsystemd-login0 libtalloc2 libtdb1 libtevent0 libthai-data libthai0 libtiff4 
  libtxc-dxtn-s2tc0 libudisks2-0 libv4l-0 libv4lconvert0 libvorbis0a libvorbisenc2 libvorbisfile3 
  libvpx1 libwbclient0 libx11-xcb1 libxaw7 libxcb-dri2-0 libxcb-glx0 libxcb-render0 libxcb-shape0 
  libxcb-shm0 libxcomposite1 libxcursor1 libxdamage1 libxfixes3 libxft2 libxi6 libxinerama1 libxmu6 
  libxpm4 libxrandr2 libxrender1 libxt6 libxtst6 libxv1 libxxf86dga1 libxxf86vm1 ntfs-3g 
  openjdk-7-jre-headless openjdk-7-jre-lib policykit-1 policykit-1-gnome sane-utils ttf-dejavu-core 
  ttf-dejavu-extra tzdata-java udisks2 update-inetd x11-common x11-utils 
0 packages upgraded, 0 newly installed, 178 to remove and 219 not upgraded.
Need to get 0 B of archives. After unpacking 321 MB will be freed.
(Reading database ... 40800 files and directories currently installed.)
Removing sane-utils ...
saned disabled; edit /etc/default/saned
Removing colord ...
Removing libsane:amd64 ...
Removing acl ...
Removing at-spi2-core ...
Removing icedtea-7-jre-jamvm:amd64 ...
Removing policykit-1-gnome ...
Removing policykit-1 ...
Removing consolekit ...
Removing libgnome2-0 ...
Removing gvfs:amd64 ...
Removing gvfs-daemons ...
Removing udisks2 ...
Removing libgnomevfs2-extra ...
Removing libgnomevfs2-0 ...
Removing libgnome2-common ...
Removing libgnomevfs2-common ...
Removing gconf2 ...
Removing dbus-x11 ...
Removing dbus ...
Stopping system message bus: dbus.
Removing libgtk-3-bin ...
Removing 'diversion of /usr/sbin/update-icon-caches to /usr/sbin/update-icon-caches.gtk2 by libgtk-3-bin'
Removing 'diversion of /usr/share/man/man8/update-icon-caches.8.gz to /usr/share/man/man8/update-icon-caches.gtk2.8.gz by libgtk-3-bin'
Removing libgtk-3-0:amd64 ...
Removing libgtk-3-common ...
Removing dconf-gsettings-backend:amd64 ...
Removing dconf-service ...
Removing gvfs-libs:amd64 ...
Removing gvfs-common ...
Removing desktop-file-utils ...
Removing dosfstools ...
Removing libpango1.0-0:amd64 ...
Removing libpangox-1.0-0:amd64 ...
Removing libpangoxft-1.0-0:amd64 ...
Removing libgtk2.0-bin ...
Removing libgtk2.0-0:amd64 ...
Removing libpangocairo-1.0-0:amd64 ...
Removing libpangoft2-1.0-0:amd64 ...
Removing libpango-1.0-0:amd64 ...
Removing fontconfig ...
Removing x11-utils ...
Removing libgphoto2-2:amd64 ...
Removing libgd3:amd64 ...
Removing libcairo-gobject2:amd64 ...
Removing libcairo2:amd64 ...
Removing libxft2:amd64 ...
Removing ttf-dejavu-extra ...
Removing fonts-dejavu-extra ...
Removing ntfs-3g ...
Removing fuse ...
update-initramfs: deferring update (trigger activated)
Removing libgconf2-4:amd64 ...
Removing gconf-service ...
Removing libgconf-2-4:amd64 ...
Removing gconf2-common ...
Removing gnome-mime-data ...
Removing hicolor-icon-theme ...
Removing init-system-helpers ...
Removing libaacs0:amd64 ...
Removing libpulse0:amd64 ...
Removing libasyncns0:amd64 ...
Removing libatasmart4:amd64 ...
Removing libatk-bridge2.0-0:amd64 ...
Removing libatk1.0-0:amd64 ...
Removing libatk1.0-data ...
Removing libatspi2.0-0:amd64 ...
Removing libavahi-glib1:amd64 ...
Removing libbluray1:amd64 ...
Removing libbonobo2-0 ...
Removing libbonobo2-common ...
Removing libcanberra0:amd64 ...
Removing libpam-ck-connector:amd64 ...
Removing libck-connector0:amd64 ...
Removing libcolorhug1:amd64 ...
Removing libcolord1:amd64 ...
Removing libthai0:amd64 ...
Removing libdatrie1:amd64 ...
Removing libdbus-glib-1-2:amd64 ...
Removing libdconf1:amd64 ...
Removing libgl1-mesa-dri:amd64 ...
Removing libdrm-intel1:amd64 ...
Removing libdrm-nouveau2:amd64 ...
Removing libdrm-radeon1:amd64 ...
Removing libgl1-mesa-glx:amd64 ...
Removing libdrm2:amd64 ...
Removing libexif12:amd64 ...
Removing libfam0 ...
Removing update-inetd ...
Removing libfile-copy-recursive-perl ...
Removing libsndfile1:amd64 ...
Removing libflac8:amd64 ...
Removing libfontenc1:amd64 ...
Removing libgdk-pixbuf2.0-0:amd64 ...
Removing libgdk-pixbuf2.0-common ...
Removing libgif4 ...
Removing libglapi-mesa:amd64 ...
Removing libgphoto2-l10n ...
Removing libgphoto2-port0:amd64 ...
Removing libharfbuzz0a:amd64 ...
Removing libgraphite2-3:amd64 ...
Removing libgtk2.0-common ...
Removing libgusb2 ...
Removing libgudev-1.0-0:amd64 ...
Removing libxaw7:amd64 ...
Removing libxmu6:amd64 ...
Removing libxt6:amd64 ...
Removing libsm6:amd64 ...
Removing libice6:amd64 ...
Removing liborbit2:amd64 ...
Removing libidl0 ...
Removing libieee1284-3:amd64 ...
Removing libjasper1:amd64 ...
Removing libtiff4:amd64 ...
Removing libjbig0:amd64 ...
Removing libv4l-0:amd64 ...
Removing libv4lconvert0:amd64 ...
Removing libjson-c2:amd64 ...
Removing libllvm3.2:amd64 ...
Removing libvorbisfile3:amd64 ...
Removing libvorbisenc2:amd64 ...
Removing libvorbis0a:amd64 ...
Removing libogg0:amd64 ...
Removing libpciaccess0:amd64 ...
Removing libpixman-1-0:amd64 ...
Removing libpng12-0:amd64 ...
Removing libpolkit-agent-1-0:amd64 ...
Removing libpolkit-backend-1-0:amd64 ...
Removing libpolkit-gobject-1-0:amd64 ...
Removing libsane-common ...
Removing libsane-extras:amd64 ...
Removing libsane-extras-common ...
Removing libsecret-1-0:amd64 ...
Removing libsecret-common ...
Removing libsmbclient:amd64 ...
Removing libsystemd-login0:amd64 ...
Removing libtevent0:amd64 ...
Removing libtalloc2:amd64 ...
Removing libtdb1:amd64 ...
Removing libthai-data ...
Removing libtxc-dxtn-s2tc0:amd64 ...
Removing libudisks2-0:amd64 ...
Removing libvpx1:amd64 ...
Removing libwbclient0:amd64 ...
Removing libx11-xcb1:amd64 ...
Removing libxcb-dri2-0:amd64 ...
Removing libxcb-glx0:amd64 ...
Removing libxcb-render0:amd64 ...
Removing libxcb-shape0:amd64 ...
Removing libxcb-shm0:amd64 ...
Removing libxcomposite1:amd64 ...
Removing libxcursor1:amd64 ...
Removing libxdamage1:amd64 ...
Removing libxfixes3:amd64 ...
Removing libxtst6:amd64 ...
Removing libxi6:amd64 ...
Removing libxinerama1:amd64 ...
Removing libxpm4:amd64 ...
Removing libxrandr2:amd64 ...
Removing libxrender1:amd64 ...
Removing libxv1:amd64 ...
Removing libxxf86dga1:amd64 ...
Removing libxxf86vm1:amd64 ...
Removing x11-common ...
Removing openjdk-7-jre-lib ...
Removing ca-certificates-java ...
Removing openjdk-7-jre-headless:amd64 ...
update-alternatives: using /usr/bin/gij-4.7 to provide /usr/bin/java (java) in auto mode
update-alternatives: using /usr/bin/gkeytool-4.7 to provide /usr/bin/keytool (keytool) in auto mode
update-alternatives: using /usr/bin/grmid-4.7 to provide /usr/bin/rmid (rmid) in auto mode
update-alternatives: using /usr/bin/grmiregistry-4.7 to provide /usr/bin/rmiregistry (rmiregistry) in auto mode
update-alternatives: using /usr/bin/gorbd-4.7 to provide /usr/bin/orbd (orbd) in auto mode
Removing libfontconfig1:amd64 ...
Removing fontconfig-config ...
Removing ttf-dejavu-core ...
Removing fonts-dejavu-core ...
Removing java-common ...
Removing libcups2:amd64 ...
Removing libavahi-client3:amd64 ...
Removing libavahi-common3:amd64 ...
Removing libavahi-common-data:amd64 ...
Removing libdbus-1-3:amd64 ...
Removing libjpeg8:amd64 ...
Removing liblcms2-2:amd64 ...
Removing libnss3:amd64 ...
Removing libnspr4:amd64 ...
Removing tzdata-java ...
Processing triggers for man-db ...
Processing triggers for libglib2.0-0:amd64 ...
No schema files found: removed existing output file.
Processing triggers for initramfs-tools ...
update-initramfs: Generating /boot/initrd.img-3.2.0-4-amd64
loadkeys is missing. Please install the 'kbd' package.
Processing triggers for ca-certificates ...
Updating certificates in /etc/ssl/certs... 0 added, 0 removed; done.
Running hooks in /etc/ca-certificates/update.d....
updates of cacerts keystore disabled.
done.


root@edi:~# aptitude -t testing install openjdk-7-jre-headless
The following NEW packages will be installed:
  ca-certificates-java{a} dbus{a} fontconfig-config{a} fonts-dejavu-core{a} icedtea-7-jre-jamvm{a} 
  java-common{a} libavahi-client3{a} libavahi-common-data{a} libavahi-common3{a} libcups2{a} 
  libdbus-1-3{a} libfontconfig1{a} libjpeg8{a} liblcms2-2{a} libnspr4{a} libnss3{a} 
  libsystemd-login0{a} openjdk-7-jre-headless openjdk-7-jre-lib{a} ttf-dejavu-core{a} 
  tzdata-java{a} 
0 packages upgraded, 21 newly installed, 0 to remove and 219 not upgraded.
Need to get 0 B/46.0 MB of archives. After unpacking 70.0 MB will be used.
Do you want to continue? [Y/n/?] y
Preconfiguring packages ...              
Selecting previously unselected package libavahi-common-data:amd64.
(Reading database ... 35596 files and directories currently installed.)
Unpacking libavahi-common-data:amd64 (from .../libavahi-common-data_0.6.31-2_amd64.deb) ...
Selecting previously unselected package libavahi-common3:amd64.
Unpacking libavahi-common3:amd64 (from .../libavahi-common3_0.6.31-2_amd64.deb) ...
Selecting previously unselected package libdbus-1-3:amd64.
Unpacking libdbus-1-3:amd64 (from .../libdbus-1-3_1.6.14-1_amd64.deb) ...
Selecting previously unselected package libavahi-client3:amd64.
Unpacking libavahi-client3:amd64 (from .../libavahi-client3_0.6.31-2_amd64.deb) ...
Selecting previously unselected package libcups2:amd64.
Unpacking libcups2:amd64 (from .../libcups2_1.6.3-1_amd64.deb) ...
Selecting previously unselected package fonts-dejavu-core.
Unpacking fonts-dejavu-core (from .../fonts-dejavu-core_2.33+svn2514-3_all.deb) ...
Selecting previously unselected package ttf-dejavu-core.
Unpacking ttf-dejavu-core (from .../ttf-dejavu-core_2.33+svn2514-3_all.deb) ...
Selecting previously unselected package fontconfig-config.
Unpacking fontconfig-config (from .../fontconfig-config_2.10.2-2_all.deb) ...
Selecting previously unselected package libfontconfig1:amd64.
Unpacking libfontconfig1:amd64 (from .../libfontconfig1_2.10.2-2_amd64.deb) ...
Selecting previously unselected package libjpeg8:amd64.
Unpacking libjpeg8:amd64 (from .../libjpeg8_8d-1_amd64.deb) ...
Selecting previously unselected package liblcms2-2:amd64.
Unpacking liblcms2-2:amd64 (from .../liblcms2-2_2.2+git20110628-2.2_amd64.deb) ...
Selecting previously unselected package libnspr4:amd64.
Unpacking libnspr4:amd64 (from .../libnspr4_2%3a4.10-1_amd64.deb) ...
Selecting previously unselected package libnss3:amd64.
Unpacking libnss3:amd64 (from .../libnss3_2%3a3.15.1-1_amd64.deb) ...
Selecting previously unselected package openjdk-7-jre-lib.
Unpacking openjdk-7-jre-lib (from .../openjdk-7-jre-lib_7u21-2.3.9-5_all.deb) ...
Selecting previously unselected package ca-certificates-java.
Unpacking ca-certificates-java (from .../ca-certificates-java_20130815_all.deb) ...
Selecting previously unselected package tzdata-java.
Unpacking tzdata-java (from .../tzdata-java_2013d-1_all.deb) ...
Selecting previously unselected package java-common.
Unpacking java-common (from .../java-common_0.49_all.deb) ...
Selecting previously unselected package openjdk-7-jre-headless:amd64.
Unpacking openjdk-7-jre-headless:amd64 (from .../openjdk-7-jre-headless_7u21-2.3.9-5_amd64.deb) ...
Selecting previously unselected package libsystemd-login0:amd64.
Unpacking libsystemd-login0:amd64 (from .../libsystemd-login0_44-12+b1_amd64.deb) ...
Selecting previously unselected package dbus.
Unpacking dbus (from .../dbus_1.6.14-1_amd64.deb) ...
Selecting previously unselected package icedtea-7-jre-jamvm:amd64.
Unpacking icedtea-7-jre-jamvm:amd64 (from .../icedtea-7-jre-jamvm_7u21-2.3.9-5_amd64.deb) ...
Processing triggers for man-db ...
Processing triggers for ca-certificates ...
Updating certificates in /etc/ssl/certs... 0 added, 0 removed; done.
Running hooks in /etc/ca-certificates/update.d....
done.
done.
Setting up libavahi-common-data:amd64 (0.6.31-2) ...
Setting up libavahi-common3:amd64 (0.6.31-2) ...
Setting up libdbus-1-3:amd64 (1.6.14-1) ...
Setting up libavahi-client3:amd64 (0.6.31-2) ...
Setting up libcups2:amd64 (1.6.3-1) ...
Setting up fonts-dejavu-core (2.33+svn2514-3) ...
Setting up ttf-dejavu-core (2.33+svn2514-3) ...
Setting up fontconfig-config (2.10.2-2) ...
Setting up libfontconfig1:amd64 (2.10.2-2) ...
Setting up libjpeg8:amd64 (8d-1) ...
Setting up liblcms2-2:amd64 (2.2+git20110628-2.2) ...
Setting up libnspr4:amd64 (2:4.10-1) ...
Setting up libnss3:amd64 (2:3.15.1-1) ...
Setting up tzdata-java (2013d-1) ...
Setting up java-common (0.49) ...
Setting up libsystemd-login0:amd64 (44-12+b1) ...
Setting up dbus (1.6.14-1) ...
Failed to open connection to "system" message bus: Failed to connect to socket /var/run/dbus/system_bus_socket: No such file or directory
Starting system message bus: dbus.
Setting up openjdk-7-jre-headless:amd64 (7u21-2.3.9-5) ...
update-alternatives: using /usr/lib/jvm/java-7-openjdk-amd64/jre/bin/java to provide /usr/bin/java (java) in auto mode
update-alternatives: using /usr/lib/jvm/java-7-openjdk-amd64/jre/bin/keytool to provide /usr/bin/keytool (keytool) in auto mode
update-alternatives: using /usr/lib/jvm/java-7-openjdk-amd64/jre/bin/pack200 to provide /usr/bin/pack200 (pack200) in auto mode
update-alternatives: using /usr/lib/jvm/java-7-openjdk-amd64/jre/bin/rmid to provide /usr/bin/rmid (rmid) in auto mode
update-alternatives: using /usr/lib/jvm/java-7-openjdk-amd64/jre/bin/rmiregistry to provide /usr/bin/rmiregistry (rmiregistry) in auto mode
update-alternatives: using /usr/lib/jvm/java-7-openjdk-amd64/jre/bin/unpack200 to provide /usr/bin/unpack200 (unpack200) in auto mode
update-alternatives: using /usr/lib/jvm/java-7-openjdk-amd64/jre/bin/orbd to provide /usr/bin/orbd (orbd) in auto mode
update-alternatives: using /usr/lib/jvm/java-7-openjdk-amd64/jre/bin/servertool to provide /usr/bin/servertool (servertool) in auto mode
update-alternatives: using /usr/lib/jvm/java-7-openjdk-amd64/jre/bin/tnameserv to provide /usr/bin/tnameserv (tnameserv) in auto mode
update-alternatives: using /usr/lib/jvm/java-7-openjdk-amd64/jre/lib/jexec to provide /usr/bin/jexec (jexec) in auto mode
Setting up ca-certificates-java (20130815) ...
Setting up icedtea-7-jre-jamvm:amd64 (7u21-2.3.9-5) ...
Setting up openjdk-7-jre-lib (7u21-2.3.9-5) ...
Processing triggers for ca-certificates ...
Updating certificates in /etc/ssl/certs... 0 added, 0 removed; done.
Running hooks in /etc/ca-certificates/update.d....
done.
done.

root@edi:~# service jenkins restart
Restarting Jenkins Continuous Integration Server: jenkins.

2013-09-21 00:22 geertjohan
-----------------

root@edi:~# nano /etc/apache2/sites-available/jenkins.nulpunt.nu.conf
root@edi:~# service apache2 reload
Reloading web server: apache2.


2013-09-21 09:54 geertjohan
-----------------

root@edi:~# apt-get remove --purge openjdk-7-jre-headless
Reading package lists... Done
Building dependency tree       
Reading state information... Done
The following packages will be REMOVED:
  ca-certificates-java* icedtea-7-jre-jamvm* openjdk-7-jre-headless* openjdk-7-jre-lib*
0 upgraded, 0 newly installed, 4 to remove and 7 not upgraded.
After this operation, 57.7 MB disk space will be freed.
Do you want to continue [Y/n]? y
(Reading database ... 36612 files and directories currently installed.)
Removing icedtea-7-jre-jamvm:amd64 ...
Removing openjdk-7-jre-lib ...
Removing ca-certificates-java ...
Purging configuration files for ca-certificates-java ...
Removing openjdk-7-jre-headless:amd64 ...
update-alternatives: using /usr/bin/gij-4.7 to provide /usr/bin/java (java) in auto mode
update-alternatives: using /usr/bin/gkeytool-4.7 to provide /usr/bin/keytool (keytool) in auto mode
update-alternatives: using /usr/bin/grmid-4.7 to provide /usr/bin/rmid (rmid) in auto mode
update-alternatives: using /usr/bin/grmiregistry-4.7 to provide /usr/bin/rmiregistry (rmiregistry) in auto mode
update-alternatives: using /usr/bin/gorbd-4.7 to provide /usr/bin/orbd (orbd) in auto mode
Purging configuration files for openjdk-7-jre-headless:amd64 ...
Processing triggers for ca-certificates ...
Updating certificates in /etc/ssl/certs... 0 added, 0 removed; done.
Running hooks in /etc/ca-certificates/update.d....done.

root@edi:~# apt-get autoremove
Reading package lists... Done
Building dependency tree       
Reading state information... Done
The following packages will be REMOVED:
  dbus fontconfig-config fonts-dejavu-core java-common libavahi-client3 libavahi-common-data libavahi-common3 libcups2 libdbus-1-3 libfontconfig1 libjpeg8 liblcms2-2 libnspr4 libnss3 libsystemd-login0
  ttf-dejavu-core tzdata-java
0 upgraded, 0 newly installed, 17 to remove and 7 not upgraded.
After this operation, 12.3 MB disk space will be freed.
Do you want to continue [Y/n]? y
(Reading database ... 36343 files and directories currently installed.)
Removing dbus ...
Stopping system message bus: dbus.
Removing libfontconfig1:amd64 ...
Removing fontconfig-config ...
Removing ttf-dejavu-core ...
Removing fonts-dejavu-core ...
Removing java-common ...
Removing libcups2:amd64 ...
Removing libavahi-client3:amd64 ...
Removing libavahi-common3:amd64 ...
Removing libavahi-common-data:amd64 ...
Removing libdbus-1-3:amd64 ...
Removing libjpeg8:amd64 ...
Removing liblcms2-2:amd64 ...
Removing libnss3:amd64 ...
Removing libnspr4:amd64 ...
Removing libsystemd-login0:amd64 ...
Removing tzdata-java ...
Processing triggers for man-db ...

root@edi:~# aptitude install openjdk-7-jre-headless
The following NEW packages will be installed:
  ca-certificates-java{a} dbus{a} fontconfig-config{a} icedtea-7-jre-jamvm{a} java-common{a} libavahi-client3{a} libavahi-common-data{a} libavahi-common3{a} libcups2{a} libdbus-1-3{a} libfontconfig1{a} 
  libjpeg8{a} liblcms2-2{a} libnspr4{a} libnss3{a} libsystemd-login0{a} openjdk-7-jre-headless openjdk-7-jre-lib{a} ttf-dejavu-core{a} tzdata-java{ab} 
0 packages upgraded, 20 newly installed, 0 to remove and 7 not upgraded.
Need to get 45.6 MB/46.1 MB of archives. After unpacking 69.6 MB will be used.
The following packages have unmet dependencies:
 tzdata-java : Depends: tzdata (= 2013c-0wheezy1) but 2013d-1 is installed.
The following actions will resolve these dependencies:

     Keep the following packages at their current version:
1)     ca-certificates-java [Not Installed]               
2)     icedtea-7-jre-jamvm [Not Installed]                
3)     openjdk-7-jre-headless [Not Installed]             
4)     openjdk-7-jre-lib [Not Installed]                  
5)     tzdata-java [Not Installed]                        



Accept this solution? [Y/n/q/?] n
The following actions will resolve these dependencies:

     Downgrade the following packages:                           
1)     tzdata [2013d-1 (now, testing) -> 2013c-0wheezy1 (stable)]



Accept this solution? [Y/n/q/?] y
The following packages will be DOWNGRADED:
  tzdata 
The following NEW packages will be installed:
  ca-certificates-java{a} dbus{a} fontconfig-config{a} icedtea-7-jre-jamvm{a} java-common{a} libavahi-client3{a} libavahi-common-data{a} libavahi-common3{a} libcups2{a} libdbus-1-3{a} libfontconfig1{a} 
  libjpeg8{a} liblcms2-2{a} libnspr4{a} libnss3{a} libsystemd-login0{a} openjdk-7-jre-headless openjdk-7-jre-lib{a} ttf-dejavu-core{a} tzdata-java{a} 
0 packages upgraded, 20 newly installed, 1 downgraded, 0 to remove and 7 not upgraded.
Need to get 45.6 MB/46.6 MB of archives. After unpacking 69.6 MB will be used.
Do you want to continue? [Y/n/?] y
Get: 1 http://ftp.nl.debian.org/debian/ wheezy/main libcups2 amd64 1.5.3-5 [256 kB]
Get: 2 http://security.debian.org/ wheezy/updates/main libdbus-1-3 amd64 1.6.8-1+deb7u1 [173 kB]
Get: 3 http://ftp.nl.debian.org/debian/ wheezy/main ttf-dejavu-core all 2.33-3 [1,021 kB]
Get: 4 http://security.debian.org/ wheezy/updates/main openjdk-7-jre-lib all 7u25-2.3.10-1~deb7u1 [5,541 kB]
Get: 5 http://ftp.nl.debian.org/debian/ wheezy/main fontconfig-config all 2.9.0-7.1 [233 kB]
Get: 6 http://ftp.nl.debian.org/debian/ wheezy/main libfontconfig1 amd64 2.9.0-7.1 [300 kB]
Get: 7 http://security.debian.org/ wheezy/updates/main openjdk-7-jre-headless amd64 7u25-2.3.10-1~deb7u1 [35.5 MB]
Get: 8 http://ftp.nl.debian.org/debian/ wheezy/main libnspr4 amd64 2:4.9.2-1 [140 kB]  
Get: 9 http://ftp.nl.debian.org/debian/ wheezy/main libnss3 amd64 2:3.14.3-1 [1,063 kB]
Get: 10 http://ftp.nl.debian.org/debian/ wheezy/main ca-certificates-java all 20121112+nmu2 [14.9 kB]
Get: 11 http://ftp.nl.debian.org/debian/ wheezy/main tzdata-java all 2013c-0wheezy1 [152 kB]
Get: 12 http://ftp.nl.debian.org/debian/ wheezy/main java-common all 0.47 [66.1 kB]
Get: 13 http://ftp.nl.debian.org/debian/ wheezy/main libsystemd-login0 amd64 44-11 [29.4 kB]
Get: 14 http://security.debian.org/ wheezy/updates/main dbus amd64 1.6.8-1+deb7u1 [399 kB]    
Get: 15 http://security.debian.org/ wheezy/updates/main icedtea-7-jre-jamvm amd64 7u25-2.3.10-1~deb7u1 [631 kB]
Fetched 45.6 MB in 5s (8,959 kB/s)            
Preconfiguring packages ...
Selecting previously unselected package libavahi-common-data:amd64.
(Reading database ... 35567 files and directories currently installed.)
Unpacking libavahi-common-data:amd64 (from .../libavahi-common-data_0.6.31-2_amd64.deb) ...
Selecting previously unselected package libavahi-common3:amd64.
Unpacking libavahi-common3:amd64 (from .../libavahi-common3_0.6.31-2_amd64.deb) ...
Selecting previously unselected package libdbus-1-3:amd64.
Unpacking libdbus-1-3:amd64 (from .../libdbus-1-3_1.6.8-1+deb7u1_amd64.deb) ...
Selecting previously unselected package libavahi-client3:amd64.
Unpacking libavahi-client3:amd64 (from .../libavahi-client3_0.6.31-2_amd64.deb) ...
Selecting previously unselected package libcups2:amd64.
Unpacking libcups2:amd64 (from .../libcups2_1.5.3-5_amd64.deb) ...
Selecting previously unselected package ttf-dejavu-core.
Unpacking ttf-dejavu-core (from .../ttf-dejavu-core_2.33-3_all.deb) ...
Selecting previously unselected package fontconfig-config.
Unpacking fontconfig-config (from .../fontconfig-config_2.9.0-7.1_all.deb) ...
Selecting previously unselected package libfontconfig1:amd64.
Unpacking libfontconfig1:amd64 (from .../libfontconfig1_2.9.0-7.1_amd64.deb) ...
Selecting previously unselected package libjpeg8:amd64.
Unpacking libjpeg8:amd64 (from .../libjpeg8_8d-1_amd64.deb) ...
Selecting previously unselected package liblcms2-2:amd64.
Unpacking liblcms2-2:amd64 (from .../liblcms2-2_2.2+git20110628-2.2_amd64.deb) ...
Selecting previously unselected package libnspr4:amd64.
Unpacking libnspr4:amd64 (from .../libnspr4_2%3a4.9.2-1_amd64.deb) ...
Selecting previously unselected package libnss3:amd64.
Unpacking libnss3:amd64 (from .../libnss3_2%3a3.14.3-1_amd64.deb) ...
Selecting previously unselected package openjdk-7-jre-lib.
Unpacking openjdk-7-jre-lib (from .../openjdk-7-jre-lib_7u25-2.3.10-1~deb7u1_all.deb) ...
Selecting previously unselected package ca-certificates-java.
Unpacking ca-certificates-java (from .../ca-certificates-java_20121112+nmu2_all.deb) ...
dpkg: warning: downgrading tzdata from 2013d-1 to 2013c-0wheezy1
Preparing to replace tzdata 2013d-1 (using .../tzdata_2013c-0wheezy1_all.deb) ...
Unpacking replacement tzdata ...
Processing triggers for man-db ...
Processing triggers for ca-certificates ...
Updating certificates in /etc/ssl/certs... 0 added, 0 removed; done.
Running hooks in /etc/ca-certificates/update.d....done.
Setting up tzdata (2013c-0wheezy1) ...

Current default time zone: 'Europe/Amsterdam'
Local time is now:      Sat Sep 21 09:58:05 CEST 2013.
Universal Time is now:  Sat Sep 21 07:58:05 UTC 2013.
Run 'dpkg-reconfigure tzdata' if you wish to change it.

Selecting previously unselected package tzdata-java.
(Reading database ... 35814 files and directories currently installed.)
Unpacking tzdata-java (from .../tzdata-java_2013c-0wheezy1_all.deb) ...
Selecting previously unselected package java-common.
Unpacking java-common (from .../java-common_0.47_all.deb) ...
Selecting previously unselected package openjdk-7-jre-headless:amd64.
Unpacking openjdk-7-jre-headless:amd64 (from .../openjdk-7-jre-headless_7u25-2.3.10-1~deb7u1_amd64.deb) ...
Selecting previously unselected package libsystemd-login0:amd64.
Unpacking libsystemd-login0:amd64 (from .../libsystemd-login0_44-11_amd64.deb) ...
Selecting previously unselected package dbus.
Unpacking dbus (from .../dbus_1.6.8-1+deb7u1_amd64.deb) ...
Selecting previously unselected package icedtea-7-jre-jamvm:amd64.
Unpacking icedtea-7-jre-jamvm:amd64 (from .../icedtea-7-jre-jamvm_7u25-2.3.10-1~deb7u1_amd64.deb) ...
Processing triggers for man-db ...
Setting up libavahi-common-data:amd64 (0.6.31-2) ...
Setting up libavahi-common3:amd64 (0.6.31-2) ...
Setting up libdbus-1-3:amd64 (1.6.8-1+deb7u1) ...
Setting up libavahi-client3:amd64 (0.6.31-2) ...
Setting up libcups2:amd64 (1.5.3-5) ...
Setting up ttf-dejavu-core (2.33-3) ...
Setting up fontconfig-config (2.9.0-7.1) ...
Installing new version of config file /etc/fonts/conf.d/README ...
Installing new version of config file /etc/fonts/fonts.conf ...
Setting up libfontconfig1:amd64 (2.9.0-7.1) ...
Setting up libjpeg8:amd64 (8d-1) ...
Setting up liblcms2-2:amd64 (2.2+git20110628-2.2) ...
Setting up libnspr4:amd64 (2:4.9.2-1) ...
Setting up libnss3:amd64 (2:3.14.3-1) ...
Setting up tzdata-java (2013c-0wheezy1) ...
Setting up java-common (0.47) ...
Setting up libsystemd-login0:amd64 (44-11) ...
Setting up dbus (1.6.8-1+deb7u1) ...
Failed to open connection to "system" message bus: Failed to connect to socket /var/run/dbus/system_bus_socket: No such file or directory
Starting system message bus: dbus.
Setting up openjdk-7-jre-headless:amd64 (7u25-2.3.10-1~deb7u1) ...
update-alternatives: using /usr/lib/jvm/java-7-openjdk-amd64/jre/bin/java to provide /usr/bin/java (java) in auto mode
update-alternatives: using /usr/lib/jvm/java-7-openjdk-amd64/jre/bin/keytool to provide /usr/bin/keytool (keytool) in auto mode
update-alternatives: using /usr/lib/jvm/java-7-openjdk-amd64/jre/bin/pack200 to provide /usr/bin/pack200 (pack200) in auto mode
update-alternatives: using /usr/lib/jvm/java-7-openjdk-amd64/jre/bin/rmid to provide /usr/bin/rmid (rmid) in auto mode
update-alternatives: using /usr/lib/jvm/java-7-openjdk-amd64/jre/bin/rmiregistry to provide /usr/bin/rmiregistry (rmiregistry) in auto mode
update-alternatives: using /usr/lib/jvm/java-7-openjdk-amd64/jre/bin/unpack200 to provide /usr/bin/unpack200 (unpack200) in auto mode
update-alternatives: using /usr/lib/jvm/java-7-openjdk-amd64/jre/bin/orbd to provide /usr/bin/orbd (orbd) in auto mode
update-alternatives: using /usr/lib/jvm/java-7-openjdk-amd64/jre/bin/servertool to provide /usr/bin/servertool (servertool) in auto mode
update-alternatives: using /usr/lib/jvm/java-7-openjdk-amd64/jre/bin/tnameserv to provide /usr/bin/tnameserv (tnameserv) in auto mode
update-alternatives: using /usr/lib/jvm/java-7-openjdk-amd64/jre/lib/jexec to provide /usr/bin/jexec (jexec) in auto mode
Setting up ca-certificates-java (20121112+nmu2) ...
Adding debian:Equifax_Secure_Global_eBusiness_CA.pem
Adding debian:AffirmTrust_Premium_ECC.pem
Adding debian:ca.pem
Adding debian:Hellenic_Academic_and_Research_Institutions_RootCA_2011.pem
Adding debian:Verisign_Class_3_Public_Primary_Certification_Authority_-_G3.pem
Adding debian:SwissSign_Platinum_CA_-_G2.pem
Adding debian:ApplicationCA_-_Japanese_Government.pem
Adding debian:GlobalSign_Root_CA_-_R3.pem
Adding debian:Certum_Trusted_Network_CA.pem
Adding debian:XRamp_Global_CA_Root.pem
Adding debian:AffirmTrust_Commercial.pem
Adding debian:Visa_eCommerce_Root.pem
Adding debian:certSIGN_ROOT_CA.pem
Adding debian:Verisign_Class_2_Public_Primary_Certification_Authority_-_G3.pem
Adding debian:AddTrust_Qualified_Certificates_Root.pem
Adding debian:Equifax_Secure_eBusiness_CA_2.pem
Adding debian:DigiCert_Global_Root_CA.pem
Adding debian:Trustis_FPS_Root_CA.pem
Adding debian:EBG_Elektronik_Sertifika_Hizmet_Salaycs.pem
Adding debian:spi-cacert-2008.pem
Adding debian:Comodo_AAA_Services_root.pem
Adding debian:EC-ACC.pem
Adding debian:Verisign_Class_3_Public_Primary_Certification_Authority_-_G2.pem
Adding debian:Go_Daddy_Class_2_CA.pem
Adding debian:QuoVadis_Root_CA_3.pem
Adding debian:GeoTrust_Primary_Certification_Authority_-_G2.pem
Adding debian:T-TeleSec_GlobalRoot_Class_3.pem
Adding debian:A-Trust-nQual-03.pem
Adding debian:cacert.org.pem
Adding debian:Verisign_Class_1_Public_Primary_Certification_Authority_-_G3.pem
Adding debian:Digital_Signature_Trust_Co._Global_CA_1.pem
Adding debian:ssl-cert-snakeoil.pem
Adding debian:UTN_USERFirst_Hardware_Root_CA.pem
Adding debian:WellsSecure_Public_Root_Certificate_Authority.pem
Adding debian:Chambers_of_Commerce_Root_-_2008.pem
Adding debian:GlobalSign_Root_CA_-_R2.pem
Adding debian:NetLock_Qualified_=Class_QA=_Root.pem
Adding debian:Verisign_Class_4_Public_Primary_Certification_Authority_-_G3.pem
Adding debian:AffirmTrust_Networking.pem
Adding debian:AddTrust_Public_Services_Root.pem
Adding debian:Starfield_Services_Root_Certificate_Authority_-_G2.pem
Adding debian:spi-ca-2003.pem
Adding debian:COMODO_Certification_Authority.pem
Adding debian:S-TRUST_Authentication_and_Encryption_Root_CA_2005_PN.pem
Adding debian:Staat_der_Nederlanden_Root_CA.pem
Adding debian:Swisscom_Root_CA_1.pem
Adding debian:TWCA_Root_Certification_Authority.pem
Adding debian:AC_Raz_Certicmara_S.A..pem
Adding debian:Verisign_Class_1_Public_Primary_Certification_Authority_-_G2.pem
Adding debian:America_Online_Root_Certification_Authority_1.pem
Adding debian:TURKTRUST_Certificate_Services_Provider_Root_2.pem
Adding debian:ACEDICOM_Root.pem
Adding debian:GlobalSign_Root_CA.pem
Adding debian:SecureTrust_CA.pem
Adding debian:SwissSign_Gold_CA_-_G2.pem
Adding debian:thawte_Primary_Root_CA_-_G2.pem
Adding debian:America_Online_Root_Certification_Authority_2.pem
Adding debian:SwissSign_Silver_CA_-_G2.pem
Adding debian:ePKI_Root_Certification_Authority.pem
Adding debian:StartCom_Certification_Authority_G2.pem
Adding debian:Microsec_e-Szigno_Root_CA.pem
Adding debian:Buypass_Class_3_Root_CA.pem
Adding debian:TURKTRUST_Certificate_Services_Provider_Root_1.pem
Adding debian:Microsec_e-Szigno_Root_CA_2009.pem
Adding debian:Certinomis_-_Autorit_Racine.pem
Adding debian:Thawte_Premium_Server_CA.pem
Adding debian:EE_Certification_Centre_Root_CA.pem
Adding debian:Security_Communication_Root_CA.pem
Adding debian:Certplus_Class_2_Primary_CA.pem
Adding debian:Global_Chambersign_Root_-_2008.pem
Adding debian:Security_Communication_EV_RootCA1.pem
Adding debian:IGC_A.pem
Adding debian:QuoVadis_Root_CA_2.pem
Adding debian:Certigna.pem
Adding debian:Buypass_Class_3_CA_1.pem
Adding debian:GeoTrust_Primary_Certification_Authority.pem
Adding debian:SecureSign_RootCA11.pem
Adding debian:DigiCert_High_Assurance_EV_Root_CA.pem
Adding debian:Security_Communication_RootCA2.pem
Adding debian:Actalis_Authentication_Root_CA.pem
Adding debian:Network_Solutions_Certificate_Authority.pem
Adding debian:NetLock_Business_=Class_B=_Root.pem
Adding debian:TC_TrustCenter_Universal_CA_III.pem
Adding debian:Sonera_Class_2_Root_CA.pem
Adding debian:Go_Daddy_Root_Certificate_Authority_-_G2.pem
Adding debian:Thawte_Server_CA.pem
Adding debian:Wells_Fargo_Root_CA.pem
Adding debian:Comodo_Secure_Services_root.pem
Adding debian:QuoVadis_Root_CA.pem
Adding debian:RSA_Security_2048_v3.pem
Adding debian:Izenpe.com.pem
Adding debian:Firmaprofesional_Root_CA.pem
Adding debian:NetLock_Notary_=Class_A=_Root.pem
Adding debian:AffirmTrust_Premium.pem
Adding debian:NetLock_Express_=Class_C=_Root.pem
Adding debian:TDC_Internet_Root_CA.pem
Adding debian:Digital_Signature_Trust_Co._Global_CA_3.pem
Adding debian:ValiCert_Class_2_VA.pem
Adding debian:Sonera_Class_1_Root_CA.pem
Adding debian:TC_TrustCenter_Class_3_CA_II.pem
Adding debian:Entrust.net_Premium_2048_Secure_Server_CA.pem
Adding debian:TC_TrustCenter_Universal_CA_I.pem
Adding debian:Cybertrust_Global_Root.pem
Adding debian:Equifax_Secure_CA.pem
Adding debian:DST_Root_CA_X3.pem
Adding debian:nulpunt.argure.nl.pem
Adding debian:Juur-SK.pem
Adding debian:Deutsche_Telekom_Root_CA_2.pem
Adding debian:sub.class2.server.sha2.ca.pem
Adding debian:Entrust_Root_Certification_Authority.pem
Adding debian:GeoTrust_Global_CA.pem
Adding debian:thawte_Primary_Root_CA_-_G3.pem
Adding debian:thawte_Primary_Root_CA.pem
Adding debian:CNNIC_ROOT.pem
Adding debian:Verisign_Class_2_Public_Primary_Certification_Authority_-_G2.pem
Adding debian:Root_CA_Generalitat_Valenciana.pem
Adding debian:UTN_DATACorp_SGC_Root_CA.pem
Adding debian:Autoridad_de_Certificacion_Firmaprofesional_CIF_A62634068.pem
Adding debian:AddTrust_External_Root.pem
Adding debian:Verisign_Class_1_Public_Primary_Certification_Authority.pem
Adding debian:GTE_CyberTrust_Global_Root.pem
Adding debian:Camerfirma_Global_Chambersign_Root.pem
Adding debian:COMODO_ECC_Certification_Authority.pem
Adding debian:E-Guven_Kok_Elektronik_Sertifika_Hizmet_Saglayicisi.pem
Adding debian:Buypass_Class_2_Root_CA.pem
Adding debian:Verisign_Class_3_Public_Primary_Certification_Authority.pem
Adding debian:DST_ACES_CA_X6.pem
Adding debian:Starfield_Root_Certificate_Authority_-_G2.pem
Adding debian:ComSign_Secured_CA.pem
Adding debian:TC_TrustCenter_Class_2_CA_II.pem
Adding debian:GeoTrust_Universal_CA.pem
Adding debian:Secure_Global_CA.pem
Adding debian:GeoTrust_Primary_Certification_Authority_-_G3.pem
Adding debian:Equifax_Secure_eBusiness_CA_1.pem
Adding debian:GeoTrust_Universal_CA_2.pem
Adding debian:StartCom_Certification_Authority.pem
Adding debian:Starfield_Class_2_CA.pem
Adding debian:GeoTrust_Global_CA_2.pem
Adding debian:Taiwan_GRCA.pem
Adding debian:Camerfirma_Chambers_of_Commerce_Root.pem
Adding debian:Staat_der_Nederlanden_Root_CA_-_G2.pem
Adding debian:TDC_OCES_Root_CA.pem
Adding debian:Buypass_Class_2_CA_1.pem
Adding debian:NetLock_Arany_=Class_Gold=_Ftanstvny.pem
Adding debian:OISTE_WISeKey_Global_Root_GA_CA.pem
Adding debian:Certum_Root_CA.pem
Adding debian:CA_Disig.pem
Adding debian:RSA_Root_Certificate_1.pem
Adding debian:Comodo_Trusted_Services_root.pem
Adding debian:ValiCert_Class_1_VA.pem
Adding debian:Hongkong_Post_Root_CA_1.pem
Adding debian:VeriSign_Class_3_Public_Primary_Certification_Authority_-_G4.pem
Adding debian:Baltimore_CyberTrust_Root.pem
Adding debian:VeriSign_Class_3_Public_Primary_Certification_Authority_-_G5.pem
Adding debian:AddTrust_Low-Value_Services_Root.pem
Adding debian:ComSign_CA.pem
Adding debian:DigiCert_Assured_ID_Root_CA.pem
Adding debian:UTN_USERFirst_Email_Root_CA.pem
Adding debian:Entrust.net_Secure_Server_CA.pem
Adding debian:VeriSign_Universal_Root_Certification_Authority.pem
Adding debian:TBTAK_UEKAE_Kk_Sertifika_Hizmet_Salaycs_-_Srm_3.pem
done.
Setting up icedtea-7-jre-jamvm:amd64 (7u25-2.3.10-1~deb7u1) ...
Setting up openjdk-7-jre-lib (7u25-2.3.10-1~deb7u1) ...
Processing triggers for ca-certificates ...
Updating certificates in /etc/ssl/certs... 0 added, 0 removed; done.
Running hooks in /etc/ca-certificates/update.d....
done.
done.

root@edi:~# service jenkins restart
Restarting Jenkins Continuous Integration Server: jenkins.

2013-09-26 argure
-----------------

root@edi:~# aptitude install exim4-daemon-heavy
The following NEW packages will be installed:
  exim4-daemon-heavy libperl5.14{a} 
The following packages will be REMOVED:
  exim4-daemon-light{a} 

root@edi:~# dpkg-reconfigure exim4-config
General type of mail configuration: internet site; mail is sent and received \
	directly using SMTP.
System mail name: edi.nulpunt.nu
IP-addresses to listen on for incoming SMTP connections:
Other destinations for which mail is accepted: nulpunt.nu
Domains to relay mail for:
Machines to relay mail for:
Keep number of DNS-queries minimal?: No
Delivery method for local mail: Maildir format in home directory
Split configuration into small files?: No
Root and postmaster recipient: argure

root@edi:~# aptitude install spamassassin clamav
The following NEW packages will be installed:
  clamav clamav-base{a} clamav-freshclam{a} libclamav6{a} 
  libdigest-hmac-perl{a} libencode-locale-perl{a} 
  libfile-listing-perl{a} libfont-afm-perl{a} 
  libhtml-form-perl{a} libhtml-format-perl{a} 
  libhtml-parser-perl{a} libhtml-tagset-perl{a} 
  libhtml-tree-perl{a} libhttp-cookies-perl{a} 
  libhttp-daemon-perl{a} libhttp-date-perl{a} 
  libhttp-message-perl{a} libhttp-negotiate-perl{a} 
  libio-socket-inet6-perl{a} libio-socket-ip-perl{a} 
  libio-socket-ssl-perl{a} liblwp-mediatypes-perl{a} 
  liblwp-protocol-https-perl{a} libmail-spf-perl{a} 
  libmailtools-perl{a} libnet-dns-perl{a} libnet-http-perl{a} 
  libnet-ip-perl{a} libnet-ssleay-perl{a} libnetaddr-ip-perl{a} 
  libsocket-perl{a} libsocket6-perl{a} libtommath0{a} 
  liburi-perl{a} libwww-perl{a} libwww-robotrules-perl{a} 
  re2c{a} spamassassin spamc{a} 
